Archive member included to satisfy reference by file (symbol)

c:/st/stm32cubeide_1.12.1/stm32cubeide/plugins/com.st.stm32cube.ide.mcu.externaltools.gnu-tools-for-stm32.10.3-2021.10.win32_1.0.200.202301161003/tools/bin/../lib/gcc/arm-none-eabi/10.3.1/../../../../arm-none-eabi/lib/thumb/v7e-m+fp/hard\libc_nano.a(lib_a-assert.o)
                              ./Core/Src/sht3x.o (__assert_func)
c:/st/stm32cubeide_1.12.1/stm32cubeide/plugins/com.st.stm32cube.ide.mcu.externaltools.gnu-tools-for-stm32.10.3-2021.10.win32_1.0.200.202301161003/tools/bin/../lib/gcc/arm-none-eabi/10.3.1/../../../../arm-none-eabi/lib/thumb/v7e-m+fp/hard\libc_nano.a(lib_a-efgcvt.o)
                              ./Core/Src/Pc_Comm_App.o (gcvt)
c:/st/stm32cubeide_1.12.1/stm32cubeide/plugins/com.st.stm32cube.ide.mcu.externaltools.gnu-tools-for-stm32.10.3-2021.10.win32_1.0.200.202301161003/tools/bin/../lib/gcc/arm-none-eabi/10.3.1/../../../../arm-none-eabi/lib/thumb/v7e-m+fp/hard\libc_nano.a(lib_a-errno.o)
                              ./Core/Src/syscalls.o (__errno)
c:/st/stm32cubeide_1.12.1/stm32cubeide/plugins/com.st.stm32cube.ide.mcu.externaltools.gnu-tools-for-stm32.10.3-2021.10.win32_1.0.200.202301161003/tools/bin/../lib/gcc/arm-none-eabi/10.3.1/../../../../arm-none-eabi/lib/thumb/v7e-m+fp/hard\libc_nano.a(lib_a-exit.o)
                              c:/st/stm32cubeide_1.12.1/stm32cubeide/plugins/com.st.stm32cube.ide.mcu.externaltools.gnu-tools-for-stm32.10.3-2021.10.win32_1.0.200.202301161003/tools/bin/../lib/gcc/arm-none-eabi/10.3.1/../../../../arm-none-eabi/lib/thumb/v7e-m+fp/hard/crt0.o (exit)
c:/st/stm32cubeide_1.12.1/stm32cubeide/plugins/com.st.stm32cube.ide.mcu.externaltools.gnu-tools-for-stm32.10.3-2021.10.win32_1.0.200.202301161003/tools/bin/../lib/gcc/arm-none-eabi/10.3.1/../../../../arm-none-eabi/lib/thumb/v7e-m+fp/hard\libc_nano.a(lib_a-fprintf.o)
                              c:/st/stm32cubeide_1.12.1/stm32cubeide/plugins/com.st.stm32cube.ide.mcu.externaltools.gnu-tools-for-stm32.10.3-2021.10.win32_1.0.200.202301161003/tools/bin/../lib/gcc/arm-none-eabi/10.3.1/../../../../arm-none-eabi/lib/thumb/v7e-m+fp/hard\libc_nano.a(lib_a-assert.o) (fiprintf)
c:/st/stm32cubeide_1.12.1/stm32cubeide/plugins/com.st.stm32cube.ide.mcu.externaltools.gnu-tools-for-stm32.10.3-2021.10.win32_1.0.200.202301161003/tools/bin/../lib/gcc/arm-none-eabi/10.3.1/../../../../arm-none-eabi/lib/thumb/v7e-m+fp/hard\libc_nano.a(lib_a-impure.o)
                              c:/st/stm32cubeide_1.12.1/stm32cubeide/plugins/com.st.stm32cube.ide.mcu.externaltools.gnu-tools-for-stm32.10.3-2021.10.win32_1.0.200.202301161003/tools/bin/../lib/gcc/arm-none-eabi/10.3.1/../../../../arm-none-eabi/lib/thumb/v7e-m+fp/hard\libc_nano.a(lib_a-exit.o) (_global_impure_ptr)
c:/st/stm32cubeide_1.12.1/stm32cubeide/plugins/com.st.stm32cube.ide.mcu.externaltools.gnu-tools-for-stm32.10.3-2021.10.win32_1.0.200.202301161003/tools/bin/../lib/gcc/arm-none-eabi/10.3.1/../../../../arm-none-eabi/lib/thumb/v7e-m+fp/hard\libc_nano.a(lib_a-init.o)
                              c:/st/stm32cubeide_1.12.1/stm32cubeide/plugins/com.st.stm32cube.ide.mcu.externaltools.gnu-tools-for-stm32.10.3-2021.10.win32_1.0.200.202301161003/tools/bin/../lib/gcc/arm-none-eabi/10.3.1/../../../../arm-none-eabi/lib/thumb/v7e-m+fp/hard/crt0.o (__libc_init_array)
c:/st/stm32cubeide_1.12.1/stm32cubeide/plugins/com.st.stm32cube.ide.mcu.externaltools.gnu-tools-for-stm32.10.3-2021.10.win32_1.0.200.202301161003/tools/bin/../lib/gcc/arm-none-eabi/10.3.1/../../../../arm-none-eabi/lib/thumb/v7e-m+fp/hard\libc_nano.a(lib_a-memcpy-stub.o)
                              ./Core/Src/Pc_Comm_App.o (memcpy)
c:/st/stm32cubeide_1.12.1/stm32cubeide/plugins/com.st.stm32cube.ide.mcu.externaltools.gnu-tools-for-stm32.10.3-2021.10.win32_1.0.200.202301161003/tools/bin/../lib/gcc/arm-none-eabi/10.3.1/../../../../arm-none-eabi/lib/thumb/v7e-m+fp/hard\libc_nano.a(lib_a-memset.o)
                              c:/st/stm32cubeide_1.12.1/stm32cubeide/plugins/com.st.stm32cube.ide.mcu.externaltools.gnu-tools-for-stm32.10.3-2021.10.win32_1.0.200.202301161003/tools/bin/../lib/gcc/arm-none-eabi/10.3.1/../../../../arm-none-eabi/lib/thumb/v7e-m+fp/hard/crt0.o (memset)
c:/st/stm32cubeide_1.12.1/stm32cubeide/plugins/com.st.stm32cube.ide.mcu.externaltools.gnu-tools-for-stm32.10.3-2021.10.win32_1.0.200.202301161003/tools/bin/../lib/gcc/arm-none-eabi/10.3.1/../../../../arm-none-eabi/lib/thumb/v7e-m+fp/hard\libc_nano.a(lib_a-nano-vfprintf.o)
                              c:/st/stm32cubeide_1.12.1/stm32cubeide/plugins/com.st.stm32cube.ide.mcu.externaltools.gnu-tools-for-stm32.10.3-2021.10.win32_1.0.200.202301161003/tools/bin/../lib/gcc/arm-none-eabi/10.3.1/../../../../arm-none-eabi/lib/thumb/v7e-m+fp/hard\libc_nano.a(lib_a-fprintf.o) (_vfprintf_r)
[...]
Memory Configuration

Name             Origin             Length             Attributes
CCMRAM           0x0000000010000000 0x0000000000010000 xrw
RAM              0x0000000020000000 0x0000000000020000 xrw
FLASH            0x0000000008000000 0x0000000000100000 xr
*default*        0x0000000000000000 0xffffffffffffffff

Linker script and memory map

LOAD c:/st/stm32cubeide_1.12.1/stm32cubeide/plugins/com.st.stm32cube.ide.mcu.externaltools.gnu-tools-for-stm32.10.3-2021.10.win32_1.0.200.202301161003/tools/bin/../lib/gcc/arm-none-eabi/10.3.1/thumb/v7e-m+fp/hard/crti.o
LOAD c:/st/stm32cubeide_1.12.1/stm32cubeide/plugins/com.st.stm32cube.ide.mcu.externaltools.gnu-tools-for-stm32.10.3-2021.10.win32_1.0.200.202301161003/tools/bin/../lib/gcc/arm-none-eabi/10.3.1/thumb/v7e-m+fp/hard/crtbegin.o
LOAD c:/st/stm32cubeide_1.12.1/stm32cubeide/plugins/com.st.stm32cube.ide.mcu.externaltools.gnu-tools-for-stm32.10.3-2021.10.win32_1.0.200.202301161003/tools/bin/../lib/gcc/arm-none-eabi/10.3.1/../../../../arm-none-eabi/lib/thumb/v7e-m+fp/hard/crt0.o
LOAD ./Core/Src/LPS22HB.o
LOAD ./Core/Src/PCap04.o
LOAD ./Core/Src/Pc_Comm_App.o
LOAD ./Core/Src/hal_usb.o
LOAD ./Core/Src/hw_drivers.o
LOAD ./Core/Src/main.o
LOAD ./Core/Src/selector.o
LOAD ./Core/Src/sht3x.o
LOAD ./Core/Src/stm32f4xx_hal_msp.o
LOAD ./Core/Src/stm32f4xx_it.o
LOAD ./Core/Src/syscalls.o
LOAD ./Core/Src/sysmem.o
LOAD ./Core/Src/system_stm32f4xx.o
LOAD ./Core/Src/usartdll.o
LOAD ./Core/Src/utils.o
LOAD ./Core/Startup/startup_stm32f405vgtx.o
LOAD ./Drivers/STM32F4xx_HAL_Driver/Src/stm32f4xx_hal.o
LOAD ./Drivers/STM32F4xx_HAL_Driver/Src/stm32f4xx_hal_adc.o
LOAD ./Drivers/STM32F4xx_HAL_Driver/Src/stm32f4xx_hal_adc_ex.o
LOAD ./Drivers/STM32F4xx_HAL_Driver/Src/stm32f4xx_hal_cortex.o
LOAD ./Drivers/STM32F4xx_HAL_Driver/Src/stm32f4xx_hal_dac.o
LOAD ./Drivers/STM32F4xx_HAL_Driver/Src/stm32f4xx_hal_dac_ex.o
LOAD ./Drivers/STM32F4xx_HAL_Driver/Src/stm32f4xx_hal_dma.o
LOAD ./Drivers/STM32F4xx_HAL_Driver/Src/stm32f4xx_hal_dma_ex.o
LOAD ./Drivers/STM32F4xx_HAL_Driver/Src/stm32f4xx_hal_exti.o
LOAD ./Drivers/STM32F4xx_HAL_Driver/Src/stm32f4xx_hal_flash.o
LOAD ./Drivers/STM32F4xx_HAL_Driver/Src/stm32f4xx_hal_flash_ex.o
LOAD ./Drivers/STM32F4xx_HAL_Driver/Src/stm32f4xx_hal_flash_ramfunc.o
LOAD ./Drivers/STM32F4xx_HAL_Driver/Src/stm32f4xx_hal_gpio.o
LOAD ./Drivers/STM32F4xx_HAL_Driver/Src/stm32f4xx_hal_i2c.o
LOAD ./Drivers/STM32F4xx_HAL_Driver/Src/stm32f4xx_hal_i2c_ex.o
LOAD ./Drivers/STM32F4xx_HAL_Driver/Src/stm32f4xx_hal_pcd.o
LOAD ./Drivers/STM32F4xx_HAL_Driver/Src/stm32f4xx_hal_pcd_ex.o
LOAD ./Drivers/STM32F4xx_HAL_Driver/Src/stm32f4xx_hal_pwr.o
LOAD ./Drivers/STM32F4xx_HAL_Driver/Src/stm32f4xx_hal_pwr_ex.o
LOAD ./Drivers/STM32F4xx_HAL_Driver/Src/stm32f4xx_hal_rcc.o
LOAD ./Drivers/STM32F4xx_HAL_Driver/Src/stm32f4xx_hal_rcc_ex.o
LOAD ./Drivers/STM32F4xx_HAL_Driver/Src/stm32f4xx_hal_spi.o
LOAD ./Drivers/STM32F4xx_HAL_Driver/Src/stm32f4xx_hal_uart.o
LOAD ./Drivers/STM32F4xx_HAL_Driver/Src/stm32f4xx_ll_adc.o
LOAD ./Drivers/STM32F4xx_HAL_Driver/Src/stm32f4xx_ll_usb.o
LOAD ./Middlewares/ST/STM32_USB_Device_Library/Class/CDC/Src/usbd_cdc.o
LOAD ./Middlewares/ST/STM32_USB_Device_Library/Core/Src/usbd_core.o
LOAD ./Middlewares/ST/STM32_USB_Device_Library/Core/Src/usbd_ctlreq.o
LOAD ./Middlewares/ST/STM32_USB_Device_Library/Core/Src/usbd_ioreq.o
LOAD ./USB_DEVICE/App/usb_device.o
LOAD ./USB_DEVICE/App/usbd_cdc_if.o
LOAD ./USB_DEVICE/App/usbd_desc.o
LOAD ./USB_DEVICE/Target/usbd_conf.o
START GROUP
LOAD c:/st/stm32cubeide_1.12.1/stm32cubeide/plugins/com.st.stm32cube.ide.mcu.externaltools.gnu-tools-for-stm32.10.3-2021.10.win32_1.0.200.202301161003/tools/bin/../lib/gcc/arm-none-eabi/10.3.1/../../../../arm-none-eabi/lib/thumb/v7e-m+fp/hard\libc_nano.a
LOAD c:/st/stm32cubeide_1.12.1/stm32cubeide/plugins/com.st.stm32cube.ide.mcu.externaltools.gnu-tools-for-stm32.10.3-2021.10.win32_1.0.200.202301161003/tools/bin/../lib/gcc/arm-none-eabi/10.3.1/../../../../arm-none-eabi/lib/thumb/v7e-m+fp/hard\libm.a
END GROUP
START GROUP
LOAD c:/st/stm32cubeide_1.12.1/stm32cubeide/plugins/com.st.stm32cube.ide.mcu.externaltools.gnu-tools-for-stm32.10.3-2021.10.win32_1.0.200.202301161003/tools/bin/../lib/gcc/arm-none-eabi/10.3.1/thumb/v7e-m+fp/hard\libgcc.a
LOAD c:/st/stm32cubeide_1.12.1/stm32cubeide/plugins/com.st.stm32cube.ide.mcu.externaltools.gnu-tools-for-stm32.10.3-2021.10.win32_1.0.200.202301161003/tools/bin/../lib/gcc/arm-none-eabi/10.3.1/../../../../arm-none-eabi/lib/thumb/v7e-m+fp/hard\libc_nano.a
END GROUP
START GROUP
LOAD c:/st/stm32cubeide_1.12.1/stm32cubeide/plugins/com.st.stm32cube.ide.mcu.externaltools.gnu-tools-for-stm32.10.3-2021.10.win32_1.0.200.202301161003/tools/bin/../lib/gcc/arm-none-eabi/10.3.1/thumb/v7e-m+fp/hard\libgcc.a
LOAD c:/st/stm32cubeide_1.12.1/stm32cubeide/plugins/com.st.stm32cube.ide.mcu.externaltools.gnu-tools-for-stm32.10.3-2021.10.win32_1.0.200.202301161003/tools/bin/../lib/gcc/arm-none-eabi/10.3.1/../../../../arm-none-eabi/lib/thumb/v7e-m+fp/hard\libc_nano.a
LOAD c:/st/stm32cubeide_1.12.1/stm32cubeide/plugins/com.st.stm32cube.ide.mcu.externaltools.gnu-tools-for-stm32.10.3-2021.10.win32_1.0.200.202301161003/tools/bin/../lib/gcc/arm-none-eabi/10.3.1/../../../../arm-none-eabi/lib/thumb/v7e-m+fp/hard\libnosys.a
END GROUP
START GROUP
LOAD c:/st/stm32cubeide_1.12.1/stm32cubeide/plugins/com.st.stm32cube.ide.mcu.externaltools.gnu-tools-for-stm32.10.3-2021.10.win32_1.0.200.202301161003/tools/bin/../lib/gcc/arm-none-eabi/10.3.1/thumb/v7e-m+fp/hard\libgcc.a
LOAD c:/st/stm32cubeide_1.12.1/stm32cubeide/plugins/com.st.stm32cube.ide.mcu.externaltools.gnu-tools-for-stm32.10.3-2021.10.win32_1.0.200.202301161003/tools/bin/../lib/gcc/arm-none-eabi/10.3.1/../../../../arm-none-eabi/lib/thumb/v7e-m+fp/hard\libc_nano.a
LOAD c:/st/stm32cubeide_1.12.1/stm32cubeide/plugins/com.st.stm32cube.ide.mcu.externaltools.gnu-tools-for-stm32.10.3-2021.10.win32_1.0.200.202301161003/tools/bin/../lib/gcc/arm-none-eabi/10.3.1/../../../../arm-none-eabi/lib/thumb/v7e-m+fp/hard\libnosys.a
END GROUP
LOAD c:/st/stm32cubeide_1.12.1/stm32cubeide/plugins/com.st.stm32cube.ide.mcu.externaltools.gnu-tools-for-stm32.10.3-2021.10.win32_1.0.200.202301161003/tools/bin/../lib/gcc/arm-none-eabi/10.3.1/thumb/v7e-m+fp/hard/crtend.o
LOAD c:/st/stm32cubeide_1.12.1/stm32cubeide/plugins/com.st.stm32cube.ide.mcu.externaltools.gnu-tools-for-stm32.10.3-2021.10.win32_1.0.200.202301161003/tools/bin/../lib/gcc/arm-none-eabi/10.3.1/thumb/v7e-m+fp/hard/crtn.o
                0x0000000020020000                _estack = (ORIGIN (RAM) + LENGTH (RAM))
                0x0000000000001000                _Min_Heap_Size = 0x1000
                0x0000000000000800                _Min_Stack_Size = 0x800

.isr_vector     0x0000000008000000      0x188
                0x0000000008000000                . = ALIGN (0x4)
 *(.isr_vector)
 .isr_vector    0x0000000008000000      0x188 ./Core/Startup/startup_stm32f405vgtx.o
                0x0000000008000000                g_pfnVectors
                0x0000000008000188                . = ALIGN (0x4)

.text           0x0000000008000190     0xeb5c
                0x0000000008000190                . = ALIGN (0x4)
 *(.text)
 .text          0x0000000008000190       0x40 c:/st/stm32cubeide_1.12.1/stm32cubeide/plugins/com.st.stm32cube.ide.mcu.externaltools.gnu-tools-for-stm32.10.3-2021.10.win32_1.0.200.202301161003/tools/bin/../lib/gcc/arm-none-eabi/10.3.1/thumb/v7e-m+fp/hard/crtbegin.o
 .text          0x00000000080001d0       0x10 c:/st/stm32cubeide_1.12.1/stm32cubeide/plugins/com.st.stm32cube.ide.mcu.externaltools.gnu-tools-for-stm32.10.3-2021.10.win32_1.0.200.202301161003/tools/bin/../lib/gcc/arm-none-eabi/10.3.1/../../../../arm-none-eabi/lib/thumb/v7e-m+fp/hard\libc_nano.a(lib_a-strlen.o)
                0x00000000080001d0                strlen
 .text          0x00000000080001e0       0xa0 c:/st/stm32cubeide_1.12.1/stm32cubeide/plugins/com.st.stm32cube.ide.mcu.externaltools.gnu-tools-for-stm32.10.3-2021.10.win32_1.0.200.202301161003/tools/bin/../lib/gcc/arm-none-eabi/10.3.1/../../../../arm-none-eabi/lib/thumb/v7e-m+fp/hard\libc_nano.a(lib_a-memchr.o)
                0x00000000080001e0                memchr
 .text          0x0000000008000280      0x378 c:/st/stm32cubeide_1.12.1/stm32cubeide/plugins/com.st.stm32cube.ide.mcu.externaltools.gnu-tools-for-stm32.10.3-2021.10.win32_1.0.200.202301161003/tools/bin/../lib/gcc/arm-none-eabi/10.3.1/thumb/v7e-m+fp/hard\libgcc.a(_arm_addsubdf3.o)
                0x0000000008000280                __aeabi_drsub
                0x0000000008000288                __aeabi_dsub
                0x0000000008000288                __subdf3
                0x000000000800028c                __aeabi_dadd
                0x000000000800028c                __adddf3
                0x0000000008000504                __floatunsidf
                0x0000000008000504                __aeabi_ui2d
                0x0000000008000524                __floatsidf
                0x0000000008000524                __aeabi_i2d
                0x0000000008000548                __aeabi_f2d
                0x0000000008000548                __extendsfdf2
                0x000000000800058c                __floatundidf
                0x000000000800058c                __aeabi_ul2d
                0x000000000800059c                __floatdidf
                0x000000000800059c                __aeabi_l2d
 .text          0x00000000080005f8      0x424 c:/st/stm32cubeide_1.12.1/stm32cubeide/plugins/com.st.stm32cube.ide.mcu.externaltools.gnu-tools-for-stm32.10.3-2021.10.win32_1.0.200.202301161003/tools/bin/../lib/gcc/arm-none-eabi/10.3.1/thumb/v7e-m+fp/hard\libgcc.a(_arm_muldivdf3.o)
                0x00000000080005f8                __aeabi_dmul
                0x00000000080005f8                __muldf3
                0x000000000800084c                __divdf3
                0x000000000800084c                __aeabi_ddiv
 .text          0x0000000008000a1c      0x110 c:/st/stm32cubeide_1.12.1/stm32cubeide/plugins/com.st.stm32cube.ide.mcu.externaltools.gnu-tools-for-stm32.10.3-2021.10.win32_1.0.200.202301161003/tools/bin/../lib/gcc/arm-none-eabi/10.3.1/thumb/v7e-m+fp/hard\libgcc.a(_arm_cmpdf2.o)
                0x0000000008000a1c                __gtdf2
                0x0000000008000a1c                __gedf2
                0x0000000008000a24                __ltdf2
                0x0000000008000a24                __ledf2
                0x0000000008000a2c                __nedf2
                0x0000000008000a2c                __eqdf2
                0x0000000008000a2c                __cmpdf2
                0x0000000008000aa8                __aeabi_cdrcmple
                0x0000000008000ab8                __aeabi_cdcmpeq
                0x0000000008000ab8                __aeabi_cdcmple
                0x0000000008000ac8                __aeabi_dcmpeq
                0x0000000008000adc                __aeabi_dcmplt
                0x0000000008000af0                __aeabi_dcmple
                0x0000000008000b04                __aeabi_dcmpge
                0x0000000008000b18                __aeabi_dcmpgt
 .text          0x0000000008000b2c       0x50 c:/st/stm32cubeide_1.12.1/stm32cubeide/plugins/com.st.stm32cube.ide.mcu.externaltools.gnu-tools-for-stm32.10.3-2021.10.win32_1.0.200.202301161003/tools/bin/../lib/gcc/arm-none-eabi/10.3.1/thumb/v7e-m+fp/hard\libgcc.a(_arm_fixdfsi.o)
                0x0000000008000b2c                __aeabi_d2iz
                0x0000000008000b2c                __fixdfsi
 .text          0x0000000008000b7c       0x30 c:/st/stm32cubeide_1.12.1/stm32cubeide/plugins/com.st.stm32cube.ide.mcu.externaltools.gnu-tools-for-stm32.10.3-2021.10.win32_1.0.200.202301161003/tools/bin/../lib/gcc/arm-none-eabi/10.3.1/thumb/v7e-m+fp/hard\libgcc.a(_aeabi_uldivmod.o)
                0x0000000008000b7c                __aeabi_uldivmod
 .text          0x0000000008000bac      0x2d0 c:/st/stm32cubeide_1.12.1/stm32cubeide/plugins/com.st.stm32cube.ide.mcu.externaltools.gnu-tools-for-stm32.10.3-2021.10.win32_1.0.200.202301161003/tools/bin/../lib/gcc/arm-none-eabi/10.3.1/thumb/v7e-m+fp/hard\libgcc.a(_udivmoddi4.o)
                0x0000000008000bac                __udivmoddi4
 .text          0x0000000008000e7c        0x4 c:/st/stm32cubeide_1.12.1/stm32cubeide/plugins/com.st.stm32cube.ide.mcu.externaltools.gnu-tools-for-stm32.10.3-2021.10.win32_1.0.200.202301161003/tools/bin/../lib/gcc/arm-none-eabi/10.3.1/thumb/v7e-m+fp/hard\libgcc.a(_dvmd_tls.o)
                0x0000000008000e7c                __aeabi_idiv0
                0x0000000008000e7c                __aeabi_ldiv0
 *(.text*)
 .text.LPS22HB_Set_Handle
                0x0000000008000e80       0x1c ./Core/Src/LPS22HB.o
                0x0000000008000e80                LPS22HB_Set_Handle
 .text.LPS22HB_Set_Address
                0x0000000008000e9c       0x1e ./Core/Src/LPS22HB.o
                0x0000000008000e9c                LPS22HB_Set_Address
 .text.LPS22HB_Init
                0x0000000008000eba       0x7a ./Core/Src/LPS22HB.o
                0x0000000008000eba                LPS22HB_Init
 .text.LPS22HB_Update_Data
                0x0000000008000f34       0xd4 ./Core/Src/LPS22HB.o
                0x0000000008000f34                LPS22HB_Update_Data
 .text.LPS22HB_Get_Temperature
                0x0000000008001008       0x1e ./Core/Src/LPS22HB.o
                0x0000000008001008                LPS22HB_Get_Temperature
 .text.LPS22HB_Set_ODR
                0x0000000008001026       0xa6 ./Core/Src/LPS22HB.o
                0x0000000008001026                LPS22HB_Set_ODR
 .text.LPS22HB_Set_FIFO
                0x00000000080010cc       0x5a ./Core/Src/LPS22HB.o
                0x00000000080010cc                LPS22HB_Set_FIFO
 .text.LPS22HB_Reset_FIFO
                0x0000000008001126       0x2c ./Core/Src/LPS22HB.o
                0x0000000008001126                LPS22HB_Reset_FIFO
 .text.LPS22HB_Write_Reg
                0x0000000008001152       0x84 ./Core/Src/LPS22HB.o
                0x0000000008001152                LPS22HB_Write_Reg
 .text.LPS22HB_Read_Reg
                0x00000000080011d6       0x48 ./Core/Src/LPS22HB.o
                0x00000000080011d6                LPS22HB_Read_Reg
 *fill*         0x000000000800121e        0x2 
 .text.pcap04_write_command
                0x0000000008001220       0x30 ./Core/Src/PCap04.o
                0x0000000008001220                pcap04_write_command
 .text.pcap04_power_on_reset
                0x0000000008001250       0x18 ./Core/Src/PCap04.o
                0x0000000008001250                pcap04_power_on_reset
 .text.pcap04_initialize
                0x0000000008001268       0x18 ./Core/Src/PCap04.o
                0x0000000008001268                pcap04_initialize
 .text.pcap04_cdc_start_conversion
                0x0000000008001280       0x18 ./Core/Src/PCap04.o
                0x0000000008001280                pcap04_cdc_start_conversion
 .text.pcap04_rdc_start_conversion
                0x0000000008001298       0x18 ./Core/Src/PCap04.o
                0x0000000008001298                pcap04_rdc_start_conversion
 .text.pcap04_nv_store
                0x00000000080012b0       0x18 ./Core/Src/PCap04.o
                0x00000000080012b0                pcap04_nv_store
 .text.pcap04_nv_recall
                0x00000000080012c8       0x18 ./Core/Src/PCap04.o
                0x00000000080012c8                pcap04_nv_recall
 .text.pcap04_nv_erase
                0x00000000080012e0       0x18 ./Core/Src/PCap04.o
                0x00000000080012e0                pcap04_nv_erase
 .text.pcap04_read_test
                0x00000000080012f8       0x50 ./Core/Src/PCap04.o
                0x00000000080012f8                pcap04_read_test
 .text.pcap04_write_memory
                0x0000000008001348       0x58 ./Core/Src/PCap04.o
                0x0000000008001348                pcap04_write_memory
 .text.pcap04_read_memory
                0x00000000080013a0       0x5c ./Core/Src/PCap04.o
                0x00000000080013a0                pcap04_read_memory
 .text.pcap04_write_configuration
                0x00000000080013fc       0x4c ./Core/Src/PCap04.o
                0x00000000080013fc                pcap04_write_configuration
 .text.pcap04_read_configuration
                0x0000000008001448       0x50 ./Core/Src/PCap04.o
                0x0000000008001448                pcap04_read_configuration
 .text.pcap04_read_all_result_registers
                0x0000000008001498      0x100 ./Core/Src/PCap04.o
                0x0000000008001498                pcap04_read_all_result_registers
 .text.pcap04_initialization
                0x0000000008001598       0xf8 ./Core/Src/PCap04.o
                0x0000000008001598                pcap04_initialization
 .text.pcap04_read_results
                0x0000000008001690       0x2c ./Core/Src/PCap04.o
                0x0000000008001690                pcap04_read_results
 *fill*         0x00000000080016bc        0x4 
 .text.parseResults
                0x00000000080016c0       0xb0 ./Core/Src/PCap04.o
                0x00000000080016c0                parseResults
 .text.Pc_Comm_App_Processing
                0x0000000008001770      0x40c ./Core/Src/Pc_Comm_App.o
                0x0000000008001770                Pc_Comm_App_Processing
 .text.PcCommAppLayerBuildResponseMsg
                0x0000000008001b7c       0x70 ./Core/Src/Pc_Comm_App.o
                0x0000000008001b7c                PcCommAppLayerBuildResponseMsg
 .text.PcCommAppLayerSendCommString
                0x0000000008001bec       0x2a ./Core/Src/Pc_Comm_App.o
                0x0000000008001bec                PcCommAppLayerSendCommString
 .text.usbBufferTx
                0x0000000008001c16       0x48 ./Core/Src/hal_usb.o
                0x0000000008001c16                usbBufferTx
 *fill*         0x0000000008001c5e        0x2 
 .text.usbBufferProcessing
                0x0000000008001c60       0xb8 ./Core/Src/hal_usb.o
                0x0000000008001c60                usbBufferProcessing
 .text.usbCircularBufferInsert
                0x0000000008001d18       0x64 ./Core/Src/hal_usb.o
                0x0000000008001d18                usbCircularBufferInsert
 .text.main     0x0000000008001d7c       0x5a ./Core/Src/main.o
                0x0000000008001d7c                main
 *fill*         0x0000000008001dd6        0x2 
 .text.SystemClock_Config
                0x0000000008001dd8       0xd4 ./Core/Src/main.o
                0x0000000008001dd8                SystemClock_Config
 .text.MX_ADC1_Init
                0x0000000008001eac       0xa4 ./Core/Src/main.o
 .text.MX_DAC_Init
                0x0000000008001f50       0x54 ./Core/Src/main.o
 .text.MX_I2C2_Init
                0x0000000008001fa4       0x5c ./Core/Src/main.o
 .text.MX_SPI1_Init
                0x0000000008002000       0x6c ./Core/Src/main.o
 .text.MX_SPI3_Init
                0x000000000800206c       0x6c ./Core/Src/main.o
 .text.MX_USART1_UART_Init
                0x00000000080020d8       0x54 ./Core/Src/main.o
 .text.MX_GPIO_Init
                0x000000000800212c      0x26c ./Core/Src/main.o
 .text.sensors_init
                0x0000000008002398       0x68 ./Core/Src/main.o
                0x0000000008002398                sensors_init
 .text.Error_Handler
                0x0000000008002400        0xa ./Core/Src/main.o
                0x0000000008002400                Error_Handler
 *fill*         0x000000000800240a        0x2 
 .text.setAddressLow
                0x000000000800240c       0xe0 ./Core/Src/selector.o
                0x000000000800240c                setAddressLow
 .text.setAllSelectors
                0x00000000080024ec       0xa0 ./Core/Src/selector.o
                0x00000000080024ec                setAllSelectors
 .text.delay_ms
                0x000000000800258c       0x32 ./Core/Src/selector.o
                0x000000000800258c                delay_ms
 .text.SHT3X_Set_Handle
                0x00000000080025be       0x1c ./Core/Src/sht3x.o
                0x00000000080025be                SHT3X_Set_Handle
 .text.SHT3X_Set_Address
                0x00000000080025da       0x20 ./Core/Src/sht3x.o
                0x00000000080025da                SHT3X_Set_Address
 .text.calculate_crc
                0x00000000080025fa       0x6c ./Core/Src/sht3x.o
 .text.sht3x_send_command
                0x0000000008002666       0x4a ./Core/Src/sht3x.o
 .text.uint8_to_uint16
                0x00000000080026b0       0x2c ./Core/Src/sht3x.o
 .text.sht3x_init
                0x00000000080026dc       0xa0 ./Core/Src/sht3x.o
                0x00000000080026dc                sht3x_init
 .text.sht3x_read_temperature_and_humidity
                0x000000000800277c       0xfc ./Core/Src/sht3x.o
                0x000000000800277c                sht3x_read_temperature_and_humidity
 .text.HAL_MspInit
                0x0000000008002878       0x50 ./Core/Src/stm32f4xx_hal_msp.o
                0x0000000008002878                HAL_MspInit
 .text.HAL_ADC_MspInit
                0x00000000080028c8       0x88 ./Core/Src/stm32f4xx_hal_msp.o
                0x00000000080028c8                HAL_ADC_MspInit
 .text.HAL_DAC_MspInit
                0x0000000008002950       0x88 ./Core/Src/stm32f4xx_hal_msp.o
                0x0000000008002950                HAL_DAC_MspInit
 .text.HAL_I2C_MspInit
                0x00000000080029d8       0x90 ./Core/Src/stm32f4xx_hal_msp.o
                0x00000000080029d8                HAL_I2C_MspInit
 .text.HAL_SPI_MspInit
                0x0000000008002a68      0x11c ./Core/Src/stm32f4xx_hal_msp.o
                0x0000000008002a68                HAL_SPI_MspInit
 .text.HAL_UART_MspInit
                0x0000000008002b84       0x90 ./Core/Src/stm32f4xx_hal_msp.o
                0x0000000008002b84                HAL_UART_MspInit
 .text.NMI_Handler
                0x0000000008002c14        0x6 ./Core/Src/stm32f4xx_it.o
                0x0000000008002c14                NMI_Handler
 .text.HardFault_Handler
                0x0000000008002c1a        0x6 ./Core/Src/stm32f4xx_it.o
                0x0000000008002c1a                HardFault_Handler
 .text.MemManage_Handler
                0x0000000008002c20        0x6 ./Core/Src/stm32f4xx_it.o
                0x0000000008002c20                MemManage_Handler
 .text.BusFault_Handler
                0x0000000008002c26        0x6 ./Core/Src/stm32f4xx_it.o
                0x0000000008002c26                BusFault_Handler
 .text.UsageFault_Handler
                0x0000000008002c2c        0x6 ./Core/Src/stm32f4xx_it.o
                0x0000000008002c2c                UsageFault_Handler
 .text.SVC_Handler
                0x0000000008002c32        0xe ./Core/Src/stm32f4xx_it.o
                0x0000000008002c32                SVC_Handler
 .text.DebugMon_Handler
                0x0000000008002c40        0xe ./Core/Src/stm32f4xx_it.o
                0x0000000008002c40                DebugMon_Handler
 .text.PendSV_Handler
                0x0000000008002c4e        0xe ./Core/Src/stm32f4xx_it.o
                0x0000000008002c4e                PendSV_Handler
 .text.SysTick_Handler
                0x0000000008002c5c        0xc ./Core/Src/stm32f4xx_it.o
                0x0000000008002c5c                SysTick_Handler
 .text.OTG_HS_IRQHandler
                0x0000000008002c68       0x14 ./Core/Src/stm32f4xx_it.o
                0x0000000008002c68                OTG_HS_IRQHandler
 .text._getpid  0x0000000008002c7c       0x10 ./Core/Src/syscalls.o
                0x0000000008002c7c                _getpid
 .text._kill    0x0000000008002c8c       0x20 ./Core/Src/syscalls.o
                0x0000000008002c8c                _kill
 .text._exit    0x0000000008002cac       0x14 ./Core/Src/syscalls.o
                0x0000000008002cac                _exit
 .text._read    0x0000000008002cc0       0x3a ./Core/Src/syscalls.o
                0x0000000008002cc0                _read
 .text._write   0x0000000008002cfa       0x38 ./Core/Src/syscalls.o
                0x0000000008002cfa                _write
 .text._close   0x0000000008002d32       0x18 ./Core/Src/syscalls.o
                0x0000000008002d32                _close
 .text._fstat   0x0000000008002d4a       0x20 ./Core/Src/syscalls.o
                0x0000000008002d4a                _fstat
 .text._isatty  0x0000000008002d6a       0x16 ./Core/Src/syscalls.o
                0x0000000008002d6a                _isatty
 .text._lseek   0x0000000008002d80       0x1a ./Core/Src/syscalls.o
                0x0000000008002d80                _lseek
 *fill*         0x0000000008002d9a        0x2 
 .text._sbrk    0x0000000008002d9c       0x6c ./Core/Src/sysmem.o
                0x0000000008002d9c                _sbrk
 .text.SystemInit
                0x0000000008002e08       0x24 ./Core/Src/system_stm32f4xx.o
                0x0000000008002e08                SystemInit
 .text.usartDllRxFsm
                0x0000000008002e2c      0x288 ./Core/Src/usartdll.o
                0x0000000008002e2c                usartDllRxFsm
 .text.crc32Init
                0x00000000080030b4       0x12 ./Core/Src/utils.o
                0x00000000080030b4                crc32Init
 *fill*         0x00000000080030c6        0x2 
 .text.crc32ByteCalc
                0x00000000080030c8       0x74 ./Core/Src/utils.o
                0x00000000080030c8                crc32ByteCalc
 .text.crc32BuffCalc
                0x000000000800313c       0x84 ./Core/Src/utils.o
                0x000000000800313c                crc32BuffCalc
 .text.Reset_Handler
                0x00000000080031c0       0x50 ./Core/Startup/startup_stm32f405vgtx.o
                0x00000000080031c0                Reset_Handler
 .text.Default_Handler
                0x0000000008003210        0x2 ./Core/Startup/startup_stm32f405vgtx.o
                0x0000000008003210                RTC_Alarm_IRQHandler
                0x0000000008003210                HASH_RNG_IRQHandler
                0x0000000008003210                EXTI2_IRQHandler
                0x0000000008003210                TIM8_CC_IRQHandler
                0x0000000008003210                TIM1_CC_IRQHandler
                0x0000000008003210                DMA2_Stream5_IRQHandler
                0x0000000008003210                DMA1_Stream5_IRQHandler
                0x0000000008003210                PVD_IRQHandler
                0x0000000008003210                SDIO_IRQHandler
                0x0000000008003210                TAMP_STAMP_IRQHandler
                0x0000000008003210                CAN2_RX1_IRQHandler
                0x0000000008003210                EXTI3_IRQHandler
                0x0000000008003210                TIM8_TRG_COM_TIM14_IRQHandler
                0x0000000008003210                TIM1_UP_TIM10_IRQHandler
                0x0000000008003210                TIM8_UP_TIM13_IRQHandler
                0x0000000008003210                I2C3_ER_IRQHandler
                0x0000000008003210                EXTI0_IRQHandler
                0x0000000008003210                I2C2_EV_IRQHandler
                0x0000000008003210                DMA1_Stream2_IRQHandler
                0x0000000008003210                CAN1_RX0_IRQHandler
                0x0000000008003210                FPU_IRQHandler
                0x0000000008003210                OTG_HS_WKUP_IRQHandler
                0x0000000008003210                CAN2_SCE_IRQHandler
                0x0000000008003210                DMA2_Stream2_IRQHandler
                0x0000000008003210                SPI1_IRQHandler
                0x0000000008003210                TIM6_DAC_IRQHandler
                0x0000000008003210                TIM1_BRK_TIM9_IRQHandler
                0x0000000008003210                CAN2_RX0_IRQHandler
                0x0000000008003210                DMA2_Stream3_IRQHandler
                0x0000000008003210                USART6_IRQHandler
                0x0000000008003210                USART3_IRQHandler
                0x0000000008003210                CAN1_RX1_IRQHandler
                0x0000000008003210                UART5_IRQHandler
                0x0000000008003210                DMA2_Stream0_IRQHandler
                0x0000000008003210                TIM4_IRQHandler
                0x0000000008003210                I2C1_EV_IRQHandler
                0x0000000008003210                DMA1_Stream6_IRQHandler
                0x0000000008003210                DMA1_Stream1_IRQHandler
                0x0000000008003210                UART4_IRQHandler
                0x0000000008003210                TIM3_IRQHandler
                0x0000000008003210                RCC_IRQHandler
                0x0000000008003210                TIM8_BRK_TIM12_IRQHandler
                0x0000000008003210                Default_Handler
                0x0000000008003210                EXTI15_10_IRQHandler
                0x0000000008003210                ADC_IRQHandler
                0x0000000008003210                DMA1_Stream7_IRQHandler
                0x0000000008003210                TIM7_IRQHandler
                0x0000000008003210                CAN2_TX_IRQHandler
                0x0000000008003210                TIM5_IRQHandler
                0x0000000008003210                DMA2_Stream7_IRQHandler
                0x0000000008003210                I2C3_EV_IRQHandler
                0x0000000008003210                EXTI9_5_IRQHandler
                0x0000000008003210                RTC_WKUP_IRQHandler
                0x0000000008003210                SPI2_IRQHandler
                0x0000000008003210                OTG_HS_EP1_IN_IRQHandler
                0x0000000008003210                DMA1_Stream0_IRQHandler
                0x0000000008003210                CAN1_TX_IRQHandler
                0x0000000008003210                EXTI4_IRQHandler
                0x0000000008003210                FSMC_IRQHandler
                0x0000000008003210                OTG_HS_EP1_OUT_IRQHandler
                0x0000000008003210                WWDG_IRQHandler
                0x0000000008003210                TIM2_IRQHandler
                0x0000000008003210                OTG_FS_WKUP_IRQHandler
                0x0000000008003210                TIM1_TRG_COM_TIM11_IRQHandler
                0x0000000008003210                EXTI1_IRQHandler
                0x0000000008003210                USART2_IRQHandler
                0x0000000008003210                I2C2_ER_IRQHandler
                0x0000000008003210                DMA2_Stream1_IRQHandler
                0x0000000008003210                CAN1_SCE_IRQHandler
                0x0000000008003210                FLASH_IRQHandler
                0x0000000008003210                DMA2_Stream4_IRQHandler
                0x0000000008003210                USART1_IRQHandler
                0x0000000008003210                OTG_FS_IRQHandler
                0x0000000008003210                SPI3_IRQHandler
                0x0000000008003210                DMA1_Stream4_IRQHandler
                0x0000000008003210                I2C1_ER_IRQHandler
                0x0000000008003210                DMA2_Stream6_IRQHandler
                0x0000000008003210                DMA1_Stream3_IRQHandler
 *fill*         0x0000000008003212        0x2 
 .text.HAL_Init
                0x0000000008003214       0x44 ./Drivers/STM32F4xx_HAL_Driver/Src/stm32f4xx_hal.o
                0x0000000008003214                HAL_Init
 .text.HAL_InitTick
                0x0000000008003258       0x60 ./Drivers/STM32F4xx_HAL_Driver/Src/stm32f4xx_hal.o
                0x0000000008003258                HAL_InitTick
 .text.HAL_IncTick
                0x00000000080032b8       0x28 ./Drivers/STM32F4xx_HAL_Driver/Src/stm32f4xx_hal.o
                0x00000000080032b8                HAL_IncTick
 .text.HAL_GetTick
                0x00000000080032e0       0x18 ./Drivers/STM32F4xx_HAL_Driver/Src/stm32f4xx_hal.o
                0x00000000080032e0                HAL_GetTick
 .text.HAL_Delay
                0x00000000080032f8       0x48 ./Drivers/STM32F4xx_HAL_Driver/Src/stm32f4xx_hal.o
                0x00000000080032f8                HAL_Delay
 .text.HAL_ADC_Init
                0x0000000008003340       0x86 ./Drivers/STM32F4xx_HAL_Driver/Src/stm32f4xx_hal_adc.o
                0x0000000008003340                HAL_ADC_Init
 *fill*         0x00000000080033c6        0x2 
 .text.HAL_ADC_ConfigChannel
                0x00000000080033c8      0x244 ./Drivers/STM32F4xx_HAL_Driver/Src/stm32f4xx_hal_adc.o
                0x00000000080033c8                HAL_ADC_ConfigChannel
 .text.ADC_Init
                0x000000000800360c      0x1f8 ./Drivers/STM32F4xx_HAL_Driver/Src/stm32f4xx_hal_adc.o
 .text.__NVIC_SetPriorityGrouping
                0x0000000008003804       0x48 ./Drivers/STM32F4xx_HAL_Driver/Src/stm32f4xx_hal_cortex.o
 .text.__NVIC_GetPriorityGrouping
                0x000000000800384c       0x1c ./Drivers/STM32F4xx_HAL_Driver/Src/stm32f4xx_hal_cortex.o
 .text.__NVIC_EnableIRQ
                0x0000000008003868       0x3c ./Drivers/STM32F4xx_HAL_Driver/Src/stm32f4xx_hal_cortex.o
 .text.__NVIC_SetPriority
                0x00000000080038a4       0x54 ./Drivers/STM32F4xx_HAL_Driver/Src/stm32f4xx_hal_cortex.o
 .text.NVIC_EncodePriority
                0x00000000080038f8       0x66 ./Drivers/STM32F4xx_HAL_Driver/Src/stm32f4xx_hal_cortex.o
 *fill*         0x000000000800395e        0x2 
 .text.SysTick_Config
                0x0000000008003960       0x44 ./Drivers/STM32F4xx_HAL_Driver/Src/stm32f4xx_hal_cortex.o
 .text.HAL_NVIC_SetPriorityGrouping
                0x00000000080039a4       0x16 ./Drivers/STM32F4xx_HAL_Driver/Src/stm32f4xx_hal_cortex.o
                0x00000000080039a4                HAL_NVIC_SetPriorityGrouping
 .text.HAL_NVIC_SetPriority
                0x00000000080039ba       0x38 ./Drivers/STM32F4xx_HAL_Driver/Src/stm32f4xx_hal_cortex.o
                0x00000000080039ba                HAL_NVIC_SetPriority
 .text.HAL_NVIC_EnableIRQ
                0x00000000080039f2       0x1c ./Drivers/STM32F4xx_HAL_Driver/Src/stm32f4xx_hal_cortex.o
                0x00000000080039f2                HAL_NVIC_EnableIRQ
 .text.HAL_SYSTICK_Config
                0x0000000008003a0e       0x18 ./Drivers/STM32F4xx_HAL_Driver/Src/stm32f4xx_hal_cortex.o
                0x0000000008003a0e                HAL_SYSTICK_Config
 .text.HAL_DAC_Init
                0x0000000008003a26       0x44 ./Drivers/STM32F4xx_HAL_Driver/Src/stm32f4xx_hal_dac.o
                0x0000000008003a26                HAL_DAC_Init
 .text.HAL_DAC_ConfigChannel
                0x0000000008003a6a       0x9e ./Drivers/STM32F4xx_HAL_Driver/Src/stm32f4xx_hal_dac.o
                0x0000000008003a6a                HAL_DAC_ConfigChannel
 .text.HAL_GPIO_Init
                0x0000000008003b08      0x338 ./Drivers/STM32F4xx_HAL_Driver/Src/stm32f4xx_hal_gpio.o
                0x0000000008003b08                HAL_GPIO_Init
 .text.HAL_GPIO_WritePin
                0x0000000008003e40       0x32 ./Drivers/STM32F4xx_HAL_Driver/Src/stm32f4xx_hal_gpio.o
                0x0000000008003e40                HAL_GPIO_WritePin
 *fill*         0x0000000008003e72        0x2 
 .text.HAL_I2C_Init
                0x0000000008003e74      0x288 ./Drivers/STM32F4xx_HAL_Driver/Src/stm32f4xx_hal_i2c.o
                0x0000000008003e74                HAL_I2C_Init
 .text.HAL_I2C_Master_Transmit
                0x00000000080040fc      0x1fc ./Drivers/STM32F4xx_HAL_Driver/Src/stm32f4xx_hal_i2c.o
                0x00000000080040fc                HAL_I2C_Master_Transmit
 .text.HAL_I2C_Master_Receive
                0x00000000080042f8      0x44c ./Drivers/STM32F4xx_HAL_Driver/Src/stm32f4xx_hal_i2c.o
                0x00000000080042f8                HAL_I2C_Master_Receive
 .text.HAL_I2C_Mem_Read
                0x0000000008004744      0x44c ./Drivers/STM32F4xx_HAL_Driver/Src/stm32f4xx_hal_i2c.o
                0x0000000008004744                HAL_I2C_Mem_Read
 .text.HAL_I2C_IsDeviceReady
                0x0000000008004b90      0x25c ./Drivers/STM32F4xx_HAL_Driver/Src/stm32f4xx_hal_i2c.o
                0x0000000008004b90                HAL_I2C_IsDeviceReady
 .text.I2C_MasterRequestWrite
                0x0000000008004dec      0x104 ./Drivers/STM32F4xx_HAL_Driver/Src/stm32f4xx_hal_i2c.o
 .text.I2C_MasterRequestRead
                0x0000000008004ef0      0x19c ./Drivers/STM32F4xx_HAL_Driver/Src/stm32f4xx_hal_i2c.o
 .text.I2C_RequestMemoryRead
                0x000000000800508c      0x1d0 ./Drivers/STM32F4xx_HAL_Driver/Src/stm32f4xx_hal_i2c.o
 .text.I2C_WaitOnFlagUntilTimeout
                0x000000000800525c       0xae ./Drivers/STM32F4xx_HAL_Driver/Src/stm32f4xx_hal_i2c.o
 .text.I2C_WaitOnMasterAddressFlagUntilTimeout
                0x000000000800530a       0xfe ./Drivers/STM32F4xx_HAL_Driver/Src/stm32f4xx_hal_i2c.o
 .text.I2C_WaitOnTXEFlagUntilTimeout
                0x0000000008005408       0x82 ./Drivers/STM32F4xx_HAL_Driver/Src/stm32f4xx_hal_i2c.o
 .text.I2C_WaitOnBTFFlagUntilTimeout
                0x000000000800548a       0x82 ./Drivers/STM32F4xx_HAL_Driver/Src/stm32f4xx_hal_i2c.o
 .text.I2C_WaitOnRXNEFlagUntilTimeout
                0x000000000800550c       0xac ./Drivers/STM32F4xx_HAL_Driver/Src/stm32f4xx_hal_i2c.o
 .text.I2C_IsAcknowledgeFailed
                0x00000000080055b8       0x5e ./Drivers/STM32F4xx_HAL_Driver/Src/stm32f4xx_hal_i2c.o
 .text.HAL_PCD_Init
                0x0000000008005616      0x23a ./Drivers/STM32F4xx_HAL_Driver/Src/stm32f4xx_hal_pcd.o
                0x0000000008005616                HAL_PCD_Init
 .text.HAL_PCD_Start
                0x0000000008005850       0x66 ./Drivers/STM32F4xx_HAL_Driver/Src/stm32f4xx_hal_pcd.o
                0x0000000008005850                HAL_PCD_Start
 .text.HAL_PCD_IRQHandler
                0x00000000080058b6      0x93e ./Drivers/STM32F4xx_HAL_Driver/Src/stm32f4xx_hal_pcd.o
                0x00000000080058b6                HAL_PCD_IRQHandler
 .text.HAL_PCD_SetAddress
                0x00000000080061f4       0x4a ./Drivers/STM32F4xx_HAL_Driver/Src/stm32f4xx_hal_pcd.o
                0x00000000080061f4                HAL_PCD_SetAddress
 .text.HAL_PCD_EP_Open
                0x000000000800623e       0xd0 ./Drivers/STM32F4xx_HAL_Driver/Src/stm32f4xx_hal_pcd.o
                0x000000000800623e                HAL_PCD_EP_Open
 .text.HAL_PCD_EP_Close
                0x000000000800630e       0x94 ./Drivers/STM32F4xx_HAL_Driver/Src/stm32f4xx_hal_pcd.o
                0x000000000800630e                HAL_PCD_EP_Close
 .text.HAL_PCD_EP_Receive
                0x00000000080063a2       0x96 ./Drivers/STM32F4xx_HAL_Driver/Src/stm32f4xx_hal_pcd.o
                0x00000000080063a2                HAL_PCD_EP_Receive
 .text.HAL_PCD_EP_GetRxCount
                0x0000000008006438       0x30 ./Drivers/STM32F4xx_HAL_Driver/Src/stm32f4xx_hal_pcd.o
                0x0000000008006438                HAL_PCD_EP_GetRxCount
 .text.HAL_PCD_EP_Transmit
                0x0000000008006468       0x94 ./Drivers/STM32F4xx_HAL_Driver/Src/stm32f4xx_hal_pcd.o
                0x0000000008006468                HAL_PCD_EP_Transmit
 .text.HAL_PCD_EP_SetStall
                0x00000000080064fc       0xc8 ./Drivers/STM32F4xx_HAL_Driver/Src/stm32f4xx_hal_pcd.o
                0x00000000080064fc                HAL_PCD_EP_SetStall
 .text.HAL_PCD_EP_ClrStall
                0x00000000080065c4       0xac ./Drivers/STM32F4xx_HAL_Driver/Src/stm32f4xx_hal_pcd.o
                0x00000000080065c4                HAL_PCD_EP_ClrStall
 .text.HAL_PCD_EP_Abort
                0x0000000008006670       0x62 ./Drivers/STM32F4xx_HAL_Driver/Src/stm32f4xx_hal_pcd.o
                0x0000000008006670                HAL_PCD_EP_Abort
 .text.PCD_WriteEmptyTxFifo
                0x00000000080066d2      0x11a ./Drivers/STM32F4xx_HAL_Driver/Src/stm32f4xx_hal_pcd.o
 .text.PCD_EP_OutXfrComplete_int
                0x00000000080067ec      0x1d0 ./Drivers/STM32F4xx_HAL_Driver/Src/stm32f4xx_hal_pcd.o
 .text.PCD_EP_OutSetupPacket_int
                0x00000000080069bc       0x8c ./Drivers/STM32F4xx_HAL_Driver/Src/stm32f4xx_hal_pcd.o
 .text.HAL_PCDEx_SetTxFiFo
                0x0000000008006a48       0x8e ./Drivers/STM32F4xx_HAL_Driver/Src/stm32f4xx_hal_pcd_ex.o
                0x0000000008006a48                HAL_PCDEx_SetTxFiFo
 .text.HAL_PCDEx_SetRxFiFo
                0x0000000008006ad6       0x22 ./Drivers/STM32F4xx_HAL_Driver/Src/stm32f4xx_hal_pcd_ex.o
                0x0000000008006ad6                HAL_PCDEx_SetRxFiFo
 .text.HAL_PCDEx_LPM_Callback
                0x0000000008006af8       0x18 ./Drivers/STM32F4xx_HAL_Driver/Src/stm32f4xx_hal_pcd_ex.o
                0x0000000008006af8                HAL_PCDEx_LPM_Callback
 .text.HAL_RCC_OscConfig
                0x0000000008006b10      0x4f0 ./Drivers/STM32F4xx_HAL_Driver/Src/stm32f4xx_hal_rcc.o
                0x0000000008006b10                HAL_RCC_OscConfig
 .text.HAL_RCC_ClockConfig
                0x0000000008007000      0x1cc ./Drivers/STM32F4xx_HAL_Driver/Src/stm32f4xx_hal_rcc.o
                0x0000000008007000                HAL_RCC_ClockConfig
 .text.HAL_RCC_GetSysClockFreq
                0x00000000080071cc      0x18c ./Drivers/STM32F4xx_HAL_Driver/Src/stm32f4xx_hal_rcc.o
                0x00000000080071cc                HAL_RCC_GetSysClockFreq
 .text.HAL_RCC_GetHCLKFreq
                0x0000000008007358       0x18 ./Drivers/STM32F4xx_HAL_Driver/Src/stm32f4xx_hal_rcc.o
                0x0000000008007358                HAL_RCC_GetHCLKFreq
 .text.HAL_RCC_GetPCLK1Freq
                0x0000000008007370       0x28 ./Drivers/STM32F4xx_HAL_Driver/Src/stm32f4xx_hal_rcc.o
                0x0000000008007370                HAL_RCC_GetPCLK1Freq
 .text.HAL_RCC_GetPCLK2Freq
                0x0000000008007398       0x28 ./Drivers/STM32F4xx_HAL_Driver/Src/stm32f4xx_hal_rcc.o
                0x0000000008007398                HAL_RCC_GetPCLK2Freq
 .text.HAL_SPI_Init
                0x00000000080073c0      0x112 ./Drivers/STM32F4xx_HAL_Driver/Src/stm32f4xx_hal_spi.o
                0x00000000080073c0                HAL_SPI_Init
 .text.HAL_SPI_Transmit
                0x00000000080074d2      0x278 ./Drivers/STM32F4xx_HAL_Driver/Src/stm32f4xx_hal_spi.o
                0x00000000080074d2                HAL_SPI_Transmit
 .text.HAL_SPI_TransmitReceive
                0x000000000800774a      0x344 ./Drivers/STM32F4xx_HAL_Driver/Src/stm32f4xx_hal_spi.o
                0x000000000800774a                HAL_SPI_TransmitReceive
 *fill*         0x0000000008007a8e        0x2 
 .text.SPI_WaitFlagStateUntilTimeout
                0x0000000008007a90      0x110 ./Drivers/STM32F4xx_HAL_Driver/Src/stm32f4xx_hal_spi.o
 .text.SPI_EndRxTxTransaction
                0x0000000008007ba0       0x84 ./Drivers/STM32F4xx_HAL_Driver/Src/stm32f4xx_hal_spi.o
 .text.HAL_UART_Init
                0x0000000008007c24       0x9a ./Drivers/STM32F4xx_HAL_Driver/Src/stm32f4xx_hal_uart.o
                0x0000000008007c24                HAL_UART_Init
 *fill*         0x0000000008007cbe        0x2 
 .text.UART_SetConfig
                0x0000000008007cc0      0x4e8 ./Drivers/STM32F4xx_HAL_Driver/Src/stm32f4xx_hal_uart.o
 .text.USB_CoreInit
                0x00000000080081a8       0xc2 ./Drivers/STM32F4xx_HAL_Driver/Src/stm32f4xx_ll_usb.o
                0x00000000080081a8                USB_CoreInit
 *fill*         0x000000000800826a        0x2 
 .text.USB_SetTurnaroundTime
                0x000000000800826c      0x144 ./Drivers/STM32F4xx_HAL_Driver/Src/stm32f4xx_ll_usb.o
                0x000000000800826c                USB_SetTurnaroundTime
 .text.USB_EnableGlobalInt
                0x00000000080083b0       0x22 ./Drivers/STM32F4xx_HAL_Driver/Src/stm32f4xx_ll_usb.o
                0x00000000080083b0                USB_EnableGlobalInt
 .text.USB_DisableGlobalInt
                0x00000000080083d2       0x22 ./Drivers/STM32F4xx_HAL_Driver/Src/stm32f4xx_ll_usb.o
                0x00000000080083d2                USB_DisableGlobalInt
 .text.USB_SetCurrentMode
                0x00000000080083f4       0x98 ./Drivers/STM32F4xx_HAL_Driver/Src/stm32f4xx_ll_usb.o
                0x00000000080083f4                USB_SetCurrentMode
 .text.USB_DevInit
                0x000000000800848c      0x2c8 ./Drivers/STM32F4xx_HAL_Driver/Src/stm32f4xx_ll_usb.o
                0x000000000800848c                USB_DevInit
 .text.USB_FlushTxFifo
                0x0000000008008754       0x68 ./Drivers/STM32F4xx_HAL_Driver/Src/stm32f4xx_ll_usb.o
                0x0000000008008754                USB_FlushTxFifo
 .text.USB_FlushRxFifo
                0x00000000080087bc       0x60 ./Drivers/STM32F4xx_HAL_Driver/Src/stm32f4xx_ll_usb.o
                0x00000000080087bc                USB_FlushRxFifo
 .text.USB_SetDevSpeed
                0x000000000800881c       0x32 ./Drivers/STM32F4xx_HAL_Driver/Src/stm32f4xx_ll_usb.o
                0x000000000800881c                USB_SetDevSpeed
 .text.USB_GetDevSpeed
                0x000000000800884e       0x4a ./Drivers/STM32F4xx_HAL_Driver/Src/stm32f4xx_ll_usb.o
                0x000000000800884e                USB_GetDevSpeed
 .text.USB_ActivateEndpoint
                0x0000000008008898      0x10e ./Drivers/STM32F4xx_HAL_Driver/Src/stm32f4xx_ll_usb.o
                0x0000000008008898                USB_ActivateEndpoint
 *fill*         0x00000000080089a6        0x2 
 .text.USB_DeactivateEndpoint
                0x00000000080089a8      0x1b8 ./Drivers/STM32F4xx_HAL_Driver/Src/stm32f4xx_ll_usb.o
                0x00000000080089a8                USB_DeactivateEndpoint
 .text.USB_EPStartXfer
                0x0000000008008b60      0x490 ./Drivers/STM32F4xx_HAL_Driver/Src/stm32f4xx_ll_usb.o
                0x0000000008008b60                USB_EPStartXfer
 .text.USB_EP0StartXfer
                0x0000000008008ff0      0x2b0 ./Drivers/STM32F4xx_HAL_Driver/Src/stm32f4xx_ll_usb.o
                0x0000000008008ff0                USB_EP0StartXfer
 .text.USB_EPStopXfer
                0x00000000080092a0      0x154 ./Drivers/STM32F4xx_HAL_Driver/Src/stm32f4xx_ll_usb.o
                0x00000000080092a0                USB_EPStopXfer
 .text.USB_WritePacket
                0x00000000080093f4       0x7c ./Drivers/STM32F4xx_HAL_Driver/Src/stm32f4xx_ll_usb.o
                0x00000000080093f4                USB_WritePacket
 .text.USB_ReadPacket
                0x0000000008009470       0xb0 ./Drivers/STM32F4xx_HAL_Driver/Src/stm32f4xx_ll_usb.o
                0x0000000008009470                USB_ReadPacket
 .text.USB_EPSetStall
                0x0000000008009520       0xdc ./Drivers/STM32F4xx_HAL_Driver/Src/stm32f4xx_ll_usb.o
                0x0000000008009520                USB_EPSetStall
 .text.USB_EPClearStall
                0x00000000080095fc       0xcc ./Drivers/STM32F4xx_HAL_Driver/Src/stm32f4xx_ll_usb.o
                0x00000000080095fc                USB_EPClearStall
 .text.USB_SetDevAddress
                0x00000000080096c8       0x4c ./Drivers/STM32F4xx_HAL_Driver/Src/stm32f4xx_ll_usb.o
                0x00000000080096c8                USB_SetDevAddress
 .text.USB_DevConnect
                0x0000000008009714       0x42 ./Drivers/STM32F4xx_HAL_Driver/Src/stm32f4xx_ll_usb.o
                0x0000000008009714                USB_DevConnect
 .text.USB_DevDisconnect
                0x0000000008009756       0x42 ./Drivers/STM32F4xx_HAL_Driver/Src/stm32f4xx_ll_usb.o
                0x0000000008009756                USB_DevDisconnect
 .text.USB_ReadInterrupts
                0x0000000008009798       0x26 ./Drivers/STM32F4xx_HAL_Driver/Src/stm32f4xx_ll_usb.o
                0x0000000008009798                USB_ReadInterrupts
 .text.USB_ReadDevAllOutEpInterrupt
                0x00000000080097be       0x34 ./Drivers/STM32F4xx_HAL_Driver/Src/stm32f4xx_ll_usb.o
                0x00000000080097be                USB_ReadDevAllOutEpInterrupt
 .text.USB_ReadDevAllInEpInterrupt
                0x00000000080097f2       0x34 ./Drivers/STM32F4xx_HAL_Driver/Src/stm32f4xx_ll_usb.o
                0x00000000080097f2                USB_ReadDevAllInEpInterrupt
 .text.USB_ReadDevOutEPInterrupt
                0x0000000008009826       0x3c ./Drivers/STM32F4xx_HAL_Driver/Src/stm32f4xx_ll_usb.o
                0x0000000008009826                USB_ReadDevOutEPInterrupt
 .text.USB_ReadDevInEPInterrupt
                0x0000000008009862       0x5c ./Drivers/STM32F4xx_HAL_Driver/Src/stm32f4xx_ll_usb.o
                0x0000000008009862                USB_ReadDevInEPInterrupt
 .text.USB_GetMode
                0x00000000080098be       0x1c ./Drivers/STM32F4xx_HAL_Driver/Src/stm32f4xx_ll_usb.o
                0x00000000080098be                USB_GetMode
 .text.USB_ActivateSetup
                0x00000000080098da       0x46 ./Drivers/STM32F4xx_HAL_Driver/Src/stm32f4xx_ll_usb.o
                0x00000000080098da                USB_ActivateSetup
 .text.USB_EP0_OutStart
                0x0000000008009920       0xbc ./Drivers/STM32F4xx_HAL_Driver/Src/stm32f4xx_ll_usb.o
                0x0000000008009920                USB_EP0_OutStart
 .text.USB_CoreReset
                0x00000000080099dc       0x68 ./Drivers/STM32F4xx_HAL_Driver/Src/stm32f4xx_ll_usb.o
 .text.USBD_CDC_Init
                0x0000000008009a44      0x1f0 ./Middlewares/ST/STM32_USB_Device_Library/Class/CDC/Src/usbd_cdc.o
 .text.USBD_CDC_DeInit
                0x0000000008009c34      0x104 ./Middlewares/ST/STM32_USB_Device_Library/Class/CDC/Src/usbd_cdc.o
 .text.USBD_CDC_Setup
                0x0000000008009d38      0x1b8 ./Middlewares/ST/STM32_USB_Device_Library/Class/CDC/Src/usbd_cdc.o
 .text.USBD_CDC_DataIn
                0x0000000008009ef0       0xfe ./Middlewares/ST/STM32_USB_Device_Library/Class/CDC/Src/usbd_cdc.o
 .text.USBD_CDC_DataOut
                0x0000000008009fee       0x70 ./Middlewares/ST/STM32_USB_Device_Library/Class/CDC/Src/usbd_cdc.o
 .text.USBD_CDC_EP0_RxReady
                0x000000000800a05e       0x76 ./Middlewares/ST/STM32_USB_Device_Library/Class/CDC/Src/usbd_cdc.o
 .text.USBD_CDC_GetFSCfgDesc
                0x000000000800a0d4       0x70 ./Middlewares/ST/STM32_USB_Device_Library/Class/CDC/Src/usbd_cdc.o
 .text.USBD_CDC_GetHSCfgDesc
                0x000000000800a144       0x70 ./Middlewares/ST/STM32_USB_Device_Library/Class/CDC/Src/usbd_cdc.o
 .text.USBD_CDC_GetOtherSpeedCfgDesc
                0x000000000800a1b4       0x70 ./Middlewares/ST/STM32_USB_Device_Library/Class/CDC/Src/usbd_cdc.o
 .text.USBD_CDC_GetDeviceQualifierDescriptor
                0x000000000800a224       0x20 ./Middlewares/ST/STM32_USB_Device_Library/Class/CDC/Src/usbd_cdc.o
                0x000000000800a224                USBD_CDC_GetDeviceQualifierDescriptor
 .text.USBD_CDC_RegisterInterface
                0x000000000800a244       0x34 ./Middlewares/ST/STM32_USB_Device_Library/Class/CDC/Src/usbd_cdc.o
                0x000000000800a244                USBD_CDC_RegisterInterface
 .text.USBD_CDC_SetTxBuffer
                0x000000000800a278       0x44 ./Middlewares/ST/STM32_USB_Device_Library/Class/CDC/Src/usbd_cdc.o
                0x000000000800a278                USBD_CDC_SetTxBuffer
 .text.USBD_CDC_SetRxBuffer
                0x000000000800a2bc       0x3a ./Middlewares/ST/STM32_USB_Device_Library/Class/CDC/Src/usbd_cdc.o
                0x000000000800a2bc                USBD_CDC_SetRxBuffer
 *fill*         0x000000000800a2f6        0x2 
 .text.USBD_CDC_TransmitPacket
                0x000000000800a2f8       0x8c ./Middlewares/ST/STM32_USB_Device_Library/Class/CDC/Src/usbd_cdc.o
                0x000000000800a2f8                USBD_CDC_TransmitPacket
 .text.USBD_CDC_ReceivePacket
                0x000000000800a384       0x6c ./Middlewares/ST/STM32_USB_Device_Library/Class/CDC/Src/usbd_cdc.o
                0x000000000800a384                USBD_CDC_ReceivePacket
 .text.USBD_Init
                0x000000000800a3f0       0x60 ./Middlewares/ST/STM32_USB_Device_Library/Core/Src/usbd_core.o
                0x000000000800a3f0                USBD_Init
 .text.USBD_RegisterClass
                0x000000000800a450       0x6c ./Middlewares/ST/STM32_USB_Device_Library/Core/Src/usbd_core.o
                0x000000000800a450                USBD_RegisterClass
 .text.USBD_Start
                0x000000000800a4bc       0x18 ./Middlewares/ST/STM32_USB_Device_Library/Core/Src/usbd_core.o
                0x000000000800a4bc                USBD_Start
 .text.USBD_RunTestMode
                0x000000000800a4d4       0x16 ./Middlewares/ST/STM32_USB_Device_Library/Core/Src/usbd_core.o
                0x000000000800a4d4                USBD_RunTestMode
 .text.USBD_SetClassConfig
                0x000000000800a4ea       0x38 ./Middlewares/ST/STM32_USB_Device_Library/Core/Src/usbd_core.o
                0x000000000800a4ea                USBD_SetClassConfig
 .text.USBD_ClrClassConfig
                0x000000000800a522       0x34 ./Middlewares/ST/STM32_USB_Device_Library/Core/Src/usbd_core.o
                0x000000000800a522                USBD_ClrClassConfig
 .text.USBD_LL_SetupStage
                0x000000000800a556       0xaa ./Middlewares/ST/STM32_USB_Device_Library/Core/Src/usbd_core.o
                0x000000000800a556                USBD_LL_SetupStage
 .text.USBD_LL_DataOutStage
                0x000000000800a600      0x166 ./Middlewares/ST/STM32_USB_Device_Library/Core/Src/usbd_core.o
                0x000000000800a600                USBD_LL_DataOutStage
 .text.USBD_LL_DataInStage
                0x000000000800a766      0x164 ./Middlewares/ST/STM32_USB_Device_Library/Core/Src/usbd_core.o
                0x000000000800a766                USBD_LL_DataInStage
 .text.USBD_LL_Reset
                0x000000000800a8ca       0xa4 ./Middlewares/ST/STM32_USB_Device_Library/Core/Src/usbd_core.o
                0x000000000800a8ca                USBD_LL_Reset
 .text.USBD_LL_SetSpeed
                0x000000000800a96e       0x20 ./Middlewares/ST/STM32_USB_Device_Library/Core/Src/usbd_core.o
                0x000000000800a96e                USBD_LL_SetSpeed
 .text.USBD_LL_Suspend
                0x000000000800a98e       0x2c ./Middlewares/ST/STM32_USB_Device_Library/Core/Src/usbd_core.o
                0x000000000800a98e                USBD_LL_Suspend
 .text.USBD_LL_Resume
                0x000000000800a9ba       0x30 ./Middlewares/ST/STM32_USB_Device_Library/Core/Src/usbd_core.o
                0x000000000800a9ba                USBD_LL_Resume
 .text.USBD_LL_SOF
                0x000000000800a9ea       0x40 ./Middlewares/ST/STM32_USB_Device_Library/Core/Src/usbd_core.o
                0x000000000800a9ea                USBD_LL_SOF
 .text.USBD_LL_IsoINIncomplete
                0x000000000800aa2a       0x64 ./Middlewares/ST/STM32_USB_Device_Library/Core/Src/usbd_core.o
                0x000000000800aa2a                USBD_LL_IsoINIncomplete
 .text.USBD_LL_IsoOUTIncomplete
                0x000000000800aa8e       0x64 ./Middlewares/ST/STM32_USB_Device_Library/Core/Src/usbd_core.o
                0x000000000800aa8e                USBD_LL_IsoOUTIncomplete
 .text.USBD_LL_DevConnected
                0x000000000800aaf2       0x16 ./Middlewares/ST/STM32_USB_Device_Library/Core/Src/usbd_core.o
                0x000000000800aaf2                USBD_LL_DevConnected
 .text.USBD_LL_DevDisconnected
                0x000000000800ab08       0x46 ./Middlewares/ST/STM32_USB_Device_Library/Core/Src/usbd_core.o
                0x000000000800ab08                USBD_LL_DevDisconnected
 .text.USBD_CoreFindIF
                0x000000000800ab4e       0x1a ./Middlewares/ST/STM32_USB_Device_Library/Core/Src/usbd_core.o
                0x000000000800ab4e                USBD_CoreFindIF
 .text.USBD_CoreFindEP
                0x000000000800ab68       0x1a ./Middlewares/ST/STM32_USB_Device_Library/Core/Src/usbd_core.o
                0x000000000800ab68                USBD_CoreFindEP
 .text.USBD_GetEpDesc
                0x000000000800ab82       0x74 ./Middlewares/ST/STM32_USB_Device_Library/Core/Src/usbd_core.o
                0x000000000800ab82                USBD_GetEpDesc
 .text.USBD_GetNextDesc
                0x000000000800abf6       0x3a ./Middlewares/ST/STM32_USB_Device_Library/Core/Src/usbd_core.o
                0x000000000800abf6                USBD_GetNextDesc
 .text.SWAPBYTE
                0x000000000800ac30       0x3c ./Middlewares/ST/STM32_USB_Device_Library/Core/Src/usbd_ctlreq.o
 .text.USBD_StdDevReq
                0x000000000800ac6c       0xe4 ./Middlewares/ST/STM32_USB_Device_Library/Core/Src/usbd_ctlreq.o
                0x000000000800ac6c                USBD_StdDevReq
 .text.USBD_StdItfReq
                0x000000000800ad50       0xd8 ./Middlewares/ST/STM32_USB_Device_Library/Core/Src/usbd_ctlreq.o
                0x000000000800ad50                USBD_StdItfReq
 .text.USBD_StdEPReq
                0x000000000800ae28      0x33a ./Middlewares/ST/STM32_USB_Device_Library/Core/Src/usbd_ctlreq.o
                0x000000000800ae28                USBD_StdEPReq
 *fill*         0x000000000800b162        0x2 
 .text.USBD_GetDescriptor
                0x000000000800b164      0x2d4 ./Middlewares/ST/STM32_USB_Device_Library/Core/Src/usbd_ctlreq.o
 .text.USBD_SetAddress
                0x000000000800b438       0x88 ./Middlewares/ST/STM32_USB_Device_Library/Core/Src/usbd_ctlreq.o
 .text.USBD_SetConfig
                0x000000000800b4c0      0x154 ./Middlewares/ST/STM32_USB_Device_Library/Core/Src/usbd_ctlreq.o
 .text.USBD_GetConfig
                0x000000000800b614       0x6c ./Middlewares/ST/STM32_USB_Device_Library/Core/Src/usbd_ctlreq.o
 .text.USBD_GetStatus
                0x000000000800b680       0x68 ./Middlewares/ST/STM32_USB_Device_Library/Core/Src/usbd_ctlreq.o
 .text.USBD_SetFeature
                0x000000000800b6e8       0x52 ./Middlewares/ST/STM32_USB_Device_Library/Core/Src/usbd_ctlreq.o
 .text.USBD_ClrFeature
                0x000000000800b73a       0x44 ./Middlewares/ST/STM32_USB_Device_Library/Core/Src/usbd_ctlreq.o
 .text.USBD_ParseSetupRequest
                0x000000000800b77e       0x74 ./Middlewares/ST/STM32_USB_Device_Library/Core/Src/usbd_ctlreq.o
                0x000000000800b77e                USBD_ParseSetupRequest
 .text.USBD_CtlError
                0x000000000800b7f2       0x22 ./Middlewares/ST/STM32_USB_Device_Library/Core/Src/usbd_ctlreq.o
                0x000000000800b7f2                USBD_CtlError
 .text.USBD_GetString
                0x000000000800b814       0x8c ./Middlewares/ST/STM32_USB_Device_Library/Core/Src/usbd_ctlreq.o
                0x000000000800b814                USBD_GetString
 .text.USBD_GetLen
                0x000000000800b8a0       0x34 ./Middlewares/ST/STM32_USB_Device_Library/Core/Src/usbd_ctlreq.o
 .text.USBD_CtlSendData
                0x000000000800b8d4       0x36 ./Middlewares/ST/STM32_USB_Device_Library/Core/Src/usbd_ioreq.o
                0x000000000800b8d4                USBD_CtlSendData
 .text.USBD_CtlContinueSendData
                0x000000000800b90a       0x22 ./Middlewares/ST/STM32_USB_Device_Library/Core/Src/usbd_ioreq.o
                0x000000000800b90a                USBD_CtlContinueSendData
 .text.USBD_CtlPrepareRx
                0x000000000800b92c       0x3a ./Middlewares/ST/STM32_USB_Device_Library/Core/Src/usbd_ioreq.o
                0x000000000800b92c                USBD_CtlPrepareRx
 .text.USBD_CtlContinueRx
                0x000000000800b966       0x22 ./Middlewares/ST/STM32_USB_Device_Library/Core/Src/usbd_ioreq.o
                0x000000000800b966                USBD_CtlContinueRx
 .text.USBD_CtlSendStatus
                0x000000000800b988       0x26 ./Middlewares/ST/STM32_USB_Device_Library/Core/Src/usbd_ioreq.o
                0x000000000800b988                USBD_CtlSendStatus
 .text.USBD_CtlReceiveStatus
                0x000000000800b9ae       0x26 ./Middlewares/ST/STM32_USB_Device_Library/Core/Src/usbd_ioreq.o
                0x000000000800b9ae                USBD_CtlReceiveStatus
 .text.MX_USB_DEVICE_Init
                0x000000000800b9d4       0x60 ./USB_DEVICE/App/usb_device.o
                0x000000000800b9d4                MX_USB_DEVICE_Init
 .text.CDC_Init_HS
                0x000000000800ba34       0x28 ./USB_DEVICE/App/usbd_cdc_if.o
 .text.CDC_DeInit_HS
                0x000000000800ba5c       0x10 ./USB_DEVICE/App/usbd_cdc_if.o
 .text.CDC_Control_HS
                0x000000000800ba6c      0x144 ./USB_DEVICE/App/usbd_cdc_if.o
 .text.CDC_Receive_HS
                0x000000000800bbb0       0x34 ./USB_DEVICE/App/usbd_cdc_if.o
 .text.CDC_Transmit_HS
                0x000000000800bbe4       0x4c ./USB_DEVICE/App/usbd_cdc_if.o
                0x000000000800bbe4                CDC_Transmit_HS
 .text.CDC_TransmitCplt_HS
                0x000000000800bc30       0x22 ./USB_DEVICE/App/usbd_cdc_if.o
 *fill*         0x000000000800bc52        0x2 
 .text.USBD_HS_DeviceDescriptor
                0x000000000800bc54       0x24 ./USB_DEVICE/App/usbd_desc.o
                0x000000000800bc54                USBD_HS_DeviceDescriptor
 .text.USBD_HS_LangIDStrDescriptor
                0x000000000800bc78       0x24 ./USB_DEVICE/App/usbd_desc.o
                0x000000000800bc78                USBD_HS_LangIDStrDescriptor
 .text.USBD_HS_ProductStrDescriptor
                0x000000000800bc9c       0x3c ./USB_DEVICE/App/usbd_desc.o
                0x000000000800bc9c                USBD_HS_ProductStrDescriptor
 .text.USBD_HS_ManufacturerStrDescriptor
                0x000000000800bcd8       0x28 ./USB_DEVICE/App/usbd_desc.o
                0x000000000800bcd8                USBD_HS_ManufacturerStrDescriptor
 .text.USBD_HS_SerialStrDescriptor
                0x000000000800bd00       0x24 ./USB_DEVICE/App/usbd_desc.o
                0x000000000800bd00                USBD_HS_SerialStrDescriptor
 .text.USBD_HS_ConfigStrDescriptor
                0x000000000800bd24       0x3c ./USB_DEVICE/App/usbd_desc.o
                0x000000000800bd24                USBD_HS_ConfigStrDescriptor
 .text.USBD_HS_InterfaceStrDescriptor
                0x000000000800bd60       0x3c ./USB_DEVICE/App/usbd_desc.o
                0x000000000800bd60                USBD_HS_InterfaceStrDescriptor
 .text.Get_SerialNum
                0x000000000800bd9c       0x58 ./USB_DEVICE/App/usbd_desc.o
 .text.IntToUnicode
                0x000000000800bdf4       0x7e ./USB_DEVICE/App/usbd_desc.o
 *fill*         0x000000000800be72        0x2 
 .text.HAL_PCD_MspInit
                0x000000000800be74       0xa0 ./USB_DEVICE/Target/usbd_conf.o
                0x000000000800be74                HAL_PCD_MspInit
 .text.HAL_PCD_SetupStageCallback
                0x000000000800bf14       0x24 ./USB_DEVICE/Target/usbd_conf.o
                0x000000000800bf14                HAL_PCD_SetupStageCallback
 .text.HAL_PCD_DataOutStageCallback
                0x000000000800bf38       0x36 ./USB_DEVICE/Target/usbd_conf.o
                0x000000000800bf38                HAL_PCD_DataOutStageCallback
 .text.HAL_PCD_DataInStageCallback
                0x000000000800bf6e       0x34 ./USB_DEVICE/Target/usbd_conf.o
                0x000000000800bf6e                HAL_PCD_DataInStageCallback
 .text.HAL_PCD_SOFCallback
                0x000000000800bfa2       0x1c ./USB_DEVICE/Target/usbd_conf.o
                0x000000000800bfa2                HAL_PCD_SOFCallback
 .text.HAL_PCD_ResetCallback
                0x000000000800bfbe       0x50 ./USB_DEVICE/Target/usbd_conf.o
                0x000000000800bfbe                HAL_PCD_ResetCallback
 *fill*         0x000000000800c00e        0x2 
 .text.HAL_PCD_SuspendCallback
                0x000000000800c010       0x4c ./USB_DEVICE/Target/usbd_conf.o
                0x000000000800c010                HAL_PCD_SuspendCallback
 .text.HAL_PCD_ResumeCallback
                0x000000000800c05c       0x1c ./USB_DEVICE/Target/usbd_conf.o
                0x000000000800c05c                HAL_PCD_ResumeCallback
 .text.HAL_PCD_ISOOUTIncompleteCallback
                0x000000000800c078       0x24 ./USB_DEVICE/Target/usbd_conf.o
                0x000000000800c078                HAL_PCD_ISOOUTIncompleteCallback
 .text.HAL_PCD_ISOINIncompleteCallback
                0x000000000800c09c       0x24 ./USB_DEVICE/Target/usbd_conf.o
                0x000000000800c09c                HAL_PCD_ISOINIncompleteCallback
 .text.HAL_PCD_ConnectCallback
                0x000000000800c0c0       0x1c ./USB_DEVICE/Target/usbd_conf.o
                0x000000000800c0c0                HAL_PCD_ConnectCallback
 .text.HAL_PCD_DisconnectCallback
                0x000000000800c0dc       0x1c ./USB_DEVICE/Target/usbd_conf.o
                0x000000000800c0dc                HAL_PCD_DisconnectCallback
 .text.USBD_LL_Init
                0x000000000800c0f8       0xa4 ./USB_DEVICE/Target/usbd_conf.o
                0x000000000800c0f8                USBD_LL_Init
 .text.USBD_LL_Start
                0x000000000800c19c       0x36 ./USB_DEVICE/Target/usbd_conf.o
                0x000000000800c19c                USBD_LL_Start
 .text.USBD_LL_OpenEP
                0x000000000800c1d2       0x4c ./USB_DEVICE/Target/usbd_conf.o
                0x000000000800c1d2                USBD_LL_OpenEP
 .text.USBD_LL_CloseEP
                0x000000000800c21e       0x3e ./USB_DEVICE/Target/usbd_conf.o
                0x000000000800c21e                USBD_LL_CloseEP
 .text.USBD_LL_StallEP
                0x000000000800c25c       0x3e ./USB_DEVICE/Target/usbd_conf.o
                0x000000000800c25c                USBD_LL_StallEP
 .text.USBD_LL_ClearStallEP
                0x000000000800c29a       0x3e ./USB_DEVICE/Target/usbd_conf.o
                0x000000000800c29a                USBD_LL_ClearStallEP
 .text.USBD_LL_IsStallEP
                0x000000000800c2d8       0x58 ./USB_DEVICE/Target/usbd_conf.o
                0x000000000800c2d8                USBD_LL_IsStallEP
 .text.USBD_LL_SetUSBAddress
                0x000000000800c330       0x3e ./USB_DEVICE/Target/usbd_conf.o
                0x000000000800c330                USBD_LL_SetUSBAddress
 .text.USBD_LL_Transmit
                0x000000000800c36e       0x42 ./USB_DEVICE/Target/usbd_conf.o
                0x000000000800c36e                USBD_LL_Transmit
 .text.USBD_LL_PrepareReceive
                0x000000000800c3b0       0x42 ./USB_DEVICE/Target/usbd_conf.o
                0x000000000800c3b0                USBD_LL_PrepareReceive
 .text.USBD_LL_GetRxDataSize
                0x000000000800c3f2       0x26 ./USB_DEVICE/Target/usbd_conf.o
                0x000000000800c3f2                USBD_LL_GetRxDataSize
 .text.USBD_static_malloc
                0x000000000800c418       0x1c ./USB_DEVICE/Target/usbd_conf.o
                0x000000000800c418                USBD_static_malloc
 .text.USBD_static_free
                0x000000000800c434       0x14 ./USB_DEVICE/Target/usbd_conf.o
                0x000000000800c434                USBD_static_free
 .text.USBD_Get_USB_Status
                0x000000000800c448       0x58 ./USB_DEVICE/Target/usbd_conf.o
                0x000000000800c448                USBD_Get_USB_Status
 .text.__assert_func
                0x000000000800c4a0       0x3c c:/st/stm32cubeide_1.12.1/stm32cubeide/plugins/com.st.stm32cube.ide.mcu.externaltools.gnu-tools-for-stm32.10.3-2021.10.win32_1.0.200.202301161003/tools/bin/../lib/gcc/arm-none-eabi/10.3.1/../../../../arm-none-eabi/lib/thumb/v7e-m+fp/hard\libc_nano.a(lib_a-assert.o)
                0x000000000800c4a0                __assert_func
 .text.gcvt     0x000000000800c4dc       0x48 c:/st/stm32cubeide_1.12.1/stm32cubeide/plugins/com.st.stm32cube.ide.mcu.externaltools.gnu-tools-for-stm32.10.3-2021.10.win32_1.0.200.202301161003/tools/bin/../lib/gcc/arm-none-eabi/10.3.1/../../../../arm-none-eabi/lib/thumb/v7e-m+fp/hard\libc_nano.a(lib_a-efgcvt.o)
                0x000000000800c4dc                gcvt
 .text.__errno  0x000000000800c524        0xc c:/st/stm32cubeide_1.12.1/stm32cubeide/plugins/com.st.stm32cube.ide.mcu.externaltools.gnu-tools-for-stm32.10.3-2021.10.win32_1.0.200.202301161003/tools/bin/../lib/gcc/arm-none-eabi/10.3.1/../../../../arm-none-eabi/lib/thumb/v7e-m+fp/hard\libc_nano.a(lib_a-errno.o)
                0x000000000800c524                __errno
 .text.fprintf  0x000000000800c530       0x24 c:/st/stm32cubeide_1.12.1/stm32cubeide/plugins/com.st.stm32cube.ide.mcu.externaltools.gnu-tools-for-stm32.10.3-2021.10.win32_1.0.200.202301161003/tools/bin/../lib/gcc/arm-none-eabi/10.3.1/../../../../arm-none-eabi/lib/thumb/v7e-m+fp/hard\libc_nano.a(lib_a-fprintf.o)
                0x000000000800c530                fiprintf
                0x000000000800c530                fprintf
 .text.__libc_init_array
                0x000000000800c554       0x48 c:/st/stm32cubeide_1.12.1/stm32cubeide/plugins/com.st.stm32cube.ide.mcu.externaltools.gnu-tools-for-stm32.10.3-2021.10.win32_1.0.200.202301161003/tools/bin/../lib/gcc/arm-none-eabi/10.3.1/../../../../arm-none-eabi/lib/thumb/v7e-m+fp/hard\libc_nano.a(lib_a-init.o)
                0x000000000800c554                __libc_init_array
 .text.memcpy   0x000000000800c59c       0x1c c:/st/stm32cubeide_1.12.1/stm32cubeide/plugins/com.st.stm32cube.ide.mcu.externaltools.gnu-tools-for-stm32.10.3-2021.10.win32_1.0.200.202301161003/tools/bin/../lib/gcc/arm-none-eabi/10.3.1/../../../../arm-none-eabi/lib/thumb/v7e-m+fp/hard\libc_nano.a(lib_a-memcpy-stub.o)
                0x000000000800c59c                memcpy
 .text.memset   0x000000000800c5b8       0x10 c:/st/stm32cubeide_1.12.1/stm32cubeide/plugins/com.st.stm32cube.ide.mcu.externaltools.gnu-tools-for-stm32.10.3-2021.10.win32_1.0.200.202301161003/tools/bin/../lib/gcc/arm-none-eabi/10.3.1/../../../../arm-none-eabi/lib/thumb/v7e-m+fp/hard\libc_nano.a(lib_a-memset.o)
                0x000000000800c5b8                memset
 .text.__sfputc_r
                0x000000000800c5c8       0x2e c:/st/stm32cubeide_1.12.1/stm32cubeide/plugins/com.st.stm32cube.ide.mcu.externaltools.gnu-tools-for-stm32.10.3-2021.10.win32_1.0.200.202301161003/tools/bin/../lib/gcc/arm-none-eabi/10.3.1/../../../../arm-none-eabi/lib/thumb/v7e-m+fp/hard\libc_nano.a(lib_a-nano-vfprintf.o)
 .text.__sfputs_r
                0x000000000800c5f6       0x24 c:/st/stm32cubeide_1.12.1/stm32cubeide/plugins/com.st.stm32cube.ide.mcu.externaltools.gnu-tools-for-stm32.10.3-2021.10.win32_1.0.200.202301161003/tools/bin/../lib/gcc/arm-none-eabi/10.3.1/../../../../arm-none-eabi/lib/thumb/v7e-m+fp/hard\libc_nano.a(lib_a-nano-vfprintf.o)
                0x000000000800c5f6                __sfputs_r
 *fill*         0x000000000800c61a        0x2 
 .text._vfprintf_r
                0x000000000800c61c      0x260 c:/st/stm32cubeide_1.12.1/stm32cubeide/plugins/com.st.stm32cube.ide.mcu.externaltools.gnu-tools-for-stm32.10.3-2021.10.win32_1.0.200.202301161003/tools/bin/../lib/gcc/arm-none-eabi/10.3.1/../../../../arm-none-eabi/lib/thumb/v7e-m+fp/hard\libc_nano.a(lib_a-nano-vfprintf.o)
                0x000000000800c61c                _vfprintf_r
                0x000000000800c61c                _vfiprintf_r
 .text._printf_common
                0x000000000800c87c       0xda c:/st/stm32cubeide_1.12.1/stm32cubeide/plugins/com.st.stm32cube.ide.mcu.externaltools.gnu-tools-for-stm32.10.3-2021.10.win32_1.0.200.202301161003/tools/bin/../lib/gcc/arm-none-eabi/10.3.1/../../../../arm-none-eabi/lib/thumb/v7e-m+fp/hard\libc_nano.a(lib_a-nano-vfprintf_i.o)
                0x000000000800c87c                _printf_common
 *fill*         0x000000000800c956        0x2 
 .text._printf_i
                0x000000000800c958      0x24c c:/st/stm32cubeide_1.12.1/stm32cubeide/plugins/com.st.stm32cube.ide.mcu.externaltools.gnu-tools-for-stm32.10.3-2021.10.win32_1.0.200.202301161003/tools/bin/../lib/gcc/arm-none-eabi/10.3.1/../../../../arm-none-eabi/lib/thumb/v7e-m+fp/hard\libc_nano.a(lib_a-nano-vfprintf_i.o)
                0x000000000800c958                _printf_i
 .text.printf   0x000000000800cba4       0x30 c:/st/stm32cubeide_1.12.1/stm32cubeide/plugins/com.st.stm32cube.ide.mcu.externaltools.gnu-tools-for-stm32.10.3-2021.10.win32_1.0.200.202301161003/tools/bin/../lib/gcc/arm-none-eabi/10.3.1/../../../../arm-none-eabi/lib/thumb/v7e-m+fp/hard\libc_nano.a(lib_a-printf.o)
                0x000000000800cba4                iprintf
                0x000000000800cba4                printf
 .text.__swbuf_r
                0x000000000800cbd4       0xa4 c:/st/stm32cubeide_1.12.1/stm32cubeide/plugins/com.st.stm32cube.ide.mcu.externaltools.gnu-tools-for-stm32.10.3-2021.10.win32_1.0.200.202301161003/tools/bin/../lib/gcc/arm-none-eabi/10.3.1/../../../../arm-none-eabi/lib/thumb/v7e-m+fp/hard\libc_nano.a(lib_a-wbuf.o)
                0x000000000800cbd4                __swbuf_r
 .text.__swsetup_r
                0x000000000800cc78       0xdc c:/st/stm32cubeide_1.12.1/stm32cubeide/plugins/com.st.stm32cube.ide.mcu.externaltools.gnu-tools-for-stm32.10.3-2021.10.win32_1.0.200.202301161003/tools/bin/../lib/gcc/arm-none-eabi/10.3.1/../../../../arm-none-eabi/lib/thumb/v7e-m+fp/hard\libc_nano.a(lib_a-wsetup.o)
                0x000000000800cc78                __swsetup_r
 .text.abort    0x000000000800cd54        0xe c:/st/stm32cubeide_1.12.1/stm32cubeide/plugins/com.st.stm32cube.ide.mcu.externaltools.gnu-tools-for-stm32.10.3-2021.10.win32_1.0.200.202301161003/tools/bin/../lib/gcc/arm-none-eabi/10.3.1/../../../../arm-none-eabi/lib/thumb/v7e-m+fp/hard\libc_nano.a(lib_a-abort.o)
                0x000000000800cd54                abort
 .text.print_e  0x000000000800cd62       0xee c:/st/stm32cubeide_1.12.1/stm32cubeide/plugins/com.st.stm32cube.ide.mcu.externaltools.gnu-tools-for-stm32.10.3-2021.10.win32_1.0.200.202301161003/tools/bin/../lib/gcc/arm-none-eabi/10.3.1/../../../../arm-none-eabi/lib/thumb/v7e-m+fp/hard\libc_nano.a(lib_a-ecvtbuf.o)
 .text._gcvt    0x000000000800ce50      0x180 c:/st/stm32cubeide_1.12.1/stm32cubeide/plugins/com.st.stm32cube.ide.mcu.externaltools.gnu-tools-for-stm32.10.3-2021.10.win32_1.0.200.202301161003/tools/bin/../lib/gcc/arm-none-eabi/10.3.1/../../../../arm-none-eabi/lib/thumb/v7e-m+fp/hard\libc_nano.a(lib_a-ecvtbuf.o)
                0x000000000800ce50                _gcvt
 .text.__sflush_r
                0x000000000800cfd0      0x10c c:/st/stm32cubeide_1.12.1/stm32cubeide/plugins/com.st.stm32cube.ide.mcu.externaltools.gnu-tools-for-stm32.10.3-2021.10.win32_1.0.200.202301161003/tools/bin/../lib/gcc/arm-none-eabi/10.3.1/../../../../arm-none-eabi/lib/thumb/v7e-m+fp/hard\libc_nano.a(lib_a-fflush.o)
                0x000000000800cfd0                __sflush_r
 .text._fflush_r
                0x000000000800d0dc       0x78 c:/st/stm32cubeide_1.12.1/stm32cubeide/plugins/com.st.stm32cube.ide.mcu.externaltools.gnu-tools-for-stm32.10.3-2021.10.win32_1.0.200.202301161003/tools/bin/../lib/gcc/arm-none-eabi/10.3.1/../../../../arm-none-eabi/lib/thumb/v7e-m+fp/hard\libc_nano.a(lib_a-fflush.o)
                0x000000000800d0dc                _fflush_r
 .text.std      0x000000000800d154       0x48 c:/st/stm32cubeide_1.12.1/stm32cubeide/plugins/com.st.stm32cube.ide.mcu.externaltools.gnu-tools-for-stm32.10.3-2021.10.win32_1.0.200.202301161003/tools/bin/../lib/gcc/arm-none-eabi/10.3.1/../../../../arm-none-eabi/lib/thumb/v7e-m+fp/hard\libc_nano.a(lib_a-findfp.o)
 .text._cleanup_r
                0x000000000800d19c        0xc c:/st/stm32cubeide_1.12.1/stm32cubeide/plugins/com.st.stm32cube.ide.mcu.externaltools.gnu-tools-for-stm32.10.3-2021.10.win32_1.0.200.202301161003/tools/bin/../lib/gcc/arm-none-eabi/10.3.1/../../../../arm-none-eabi/lib/thumb/v7e-m+fp/hard\libc_nano.a(lib_a-findfp.o)
                0x000000000800d19c                _cleanup_r
 .text.__sfmoreglue
                0x000000000800d1a8       0x2c c:/st/stm32cubeide_1.12.1/stm32cubeide/plugins/com.st.stm32cube.ide.mcu.externaltools.gnu-tools-for-stm32.10.3-2021.10.win32_1.0.200.202301161003/tools/bin/../lib/gcc/arm-none-eabi/10.3.1/../../../../arm-none-eabi/lib/thumb/v7e-m+fp/hard\libc_nano.a(lib_a-findfp.o)
                0x000000000800d1a8                __sfmoreglue
 .text.__sfp_lock_acquire
                0x000000000800d1d4        0xc c:/st/stm32cubeide_1.12.1/stm32cubeide/plugins/com.st.stm32cube.ide.mcu.externaltools.gnu-tools-for-stm32.10.3-2021.10.win32_1.0.200.202301161003/tools/bin/../lib/gcc/arm-none-eabi/10.3.1/../../../../arm-none-eabi/lib/thumb/v7e-m+fp/hard\libc_nano.a(lib_a-findfp.o)
                0x000000000800d1d4                __sfp_lock_acquire
 .text.__sfp_lock_release
                0x000000000800d1e0        0xc c:/st/stm32cubeide_1.12.1/stm32cubeide/plugins/com.st.stm32cube.ide.mcu.externaltools.gnu-tools-for-stm32.10.3-2021.10.win32_1.0.200.202301161003/tools/bin/../lib/gcc/arm-none-eabi/10.3.1/../../../../arm-none-eabi/lib/thumb/v7e-m+fp/hard\libc_nano.a(lib_a-findfp.o)
                0x000000000800d1e0                __sfp_lock_release
 .text.__sinit_lock_acquire
                0x000000000800d1ec        0xc c:/st/stm32cubeide_1.12.1/stm32cubeide/plugins/com.st.stm32cube.ide.mcu.externaltools.gnu-tools-for-stm32.10.3-2021.10.win32_1.0.200.202301161003/tools/bin/../lib/gcc/arm-none-eabi/10.3.1/../../../../arm-none-eabi/lib/thumb/v7e-m+fp/hard\libc_nano.a(lib_a-findfp.o)
                0x000000000800d1ec                __sinit_lock_acquire
 .text.__sinit_lock_release
                0x000000000800d1f8        0xc c:/st/stm32cubeide_1.12.1/stm32cubeide/plugins/com.st.stm32cube.ide.mcu.externaltools.gnu-tools-for-stm32.10.3-2021.10.win32_1.0.200.202301161003/tools/bin/../lib/gcc/arm-none-eabi/10.3.1/../../../../arm-none-eabi/lib/thumb/v7e-m+fp/hard\libc_nano.a(lib_a-findfp.o)
                0x000000000800d1f8                __sinit_lock_release
 .text.__sinit  0x000000000800d204       0x70 c:/st/stm32cubeide_1.12.1/stm32cubeide/plugins/com.st.stm32cube.ide.mcu.externaltools.gnu-tools-for-stm32.10.3-2021.10.win32_1.0.200.202301161003/tools/bin/../lib/gcc/arm-none-eabi/10.3.1/../../../../arm-none-eabi/lib/thumb/v7e-m+fp/hard\libc_nano.a(lib_a-findfp.o)
                0x000000000800d204                __sinit
 .text.__sfp    0x000000000800d274       0x8c c:/st/stm32cubeide_1.12.1/stm32cubeide/plugins/com.st.stm32cube.ide.mcu.externaltools.gnu-tools-for-stm32.10.3-2021.10.win32_1.0.200.202301161003/tools/bin/../lib/gcc/arm-none-eabi/10.3.1/../../../../arm-none-eabi/lib/thumb/v7e-m+fp/hard\libc_nano.a(lib_a-findfp.o)
                0x000000000800d274                __sfp
 .text._fwalk_reent
                0x000000000800d300       0x3e c:/st/stm32cubeide_1.12.1/stm32cubeide/plugins/com.st.stm32cube.ide.mcu.externaltools.gnu-tools-for-stm32.10.3-2021.10.win32_1.0.200.202301161003/tools/bin/../lib/gcc/arm-none-eabi/10.3.1/../../../../arm-none-eabi/lib/thumb/v7e-m+fp/hard\libc_nano.a(lib_a-fwalk.o)
                0x000000000800d300                _fwalk_reent
 .text.__retarget_lock_init_recursive
                0x000000000800d33e        0x2 c:/st/stm32cubeide_1.12.1/stm32cubeide/plugins/com.st.stm32cube.ide.mcu.externaltools.gnu-tools-for-stm32.10.3-2021.10.win32_1.0.200.202301161003/tools/bin/../lib/gcc/arm-none-eabi/10.3.1/../../../../arm-none-eabi/lib/thumb/v7e-m+fp/hard\libc_nano.a(lib_a-lock.o)
                0x000000000800d33e                __retarget_lock_init_recursive
 .text.__retarget_lock_acquire_recursive
                0x000000000800d340        0x2 c:/st/stm32cubeide_1.12.1/stm32cubeide/plugins/com.st.stm32cube.ide.mcu.externaltools.gnu-tools-for-stm32.10.3-2021.10.win32_1.0.200.202301161003/tools/bin/../lib/gcc/arm-none-eabi/10.3.1/../../../../arm-none-eabi/lib/thumb/v7e-m+fp/hard\libc_nano.a(lib_a-lock.o)
                0x000000000800d340                __retarget_lock_acquire_recursive
 .text.__retarget_lock_release_recursive
                0x000000000800d342        0x2 c:/st/stm32cubeide_1.12.1/stm32cubeide/plugins/com.st.stm32cube.ide.mcu.externaltools.gnu-tools-for-stm32.10.3-2021.10.win32_1.0.200.202301161003/tools/bin/../lib/gcc/arm-none-eabi/10.3.1/../../../../arm-none-eabi/lib/thumb/v7e-m+fp/hard\libc_nano.a(lib_a-lock.o)
                0x000000000800d342                __retarget_lock_release_recursive
 .text.__swhatbuf_r
                0x000000000800d344       0x4a c:/st/stm32cubeide_1.12.1/stm32cubeide/plugins/com.st.stm32cube.ide.mcu.externaltools.gnu-tools-for-stm32.10.3-2021.10.win32_1.0.200.202301161003/tools/bin/../lib/gcc/arm-none-eabi/10.3.1/../../../../arm-none-eabi/lib/thumb/v7e-m+fp/hard\libc_nano.a(lib_a-makebuf.o)
                0x000000000800d344                __swhatbuf_r
 *fill*         0x000000000800d38e        0x2 
 .text.__smakebuf_r
                0x000000000800d390       0x80 c:/st/stm32cubeide_1.12.1/stm32cubeide/plugins/com.st.stm32cube.ide.mcu.externaltools.gnu-tools-for-stm32.10.3-2021.10.win32_1.0.200.202301161003/tools/bin/../lib/gcc/arm-none-eabi/10.3.1/../../../../arm-none-eabi/lib/thumb/v7e-m+fp/hard\libc_nano.a(lib_a-makebuf.o)
                0x000000000800d390                __smakebuf_r
 .text._Balloc  0x000000000800d410       0x80 c:/st/stm32cubeide_1.12.1/stm32cubeide/plugins/com.st.stm32cube.ide.mcu.externaltools.gnu-tools-for-stm32.10.3-2021.10.win32_1.0.200.202301161003/tools/bin/../lib/gcc/arm-none-eabi/10.3.1/../../../../arm-none-eabi/lib/thumb/v7e-m+fp/hard\libc_nano.a(lib_a-mprec.o)
                0x000000000800d410                _Balloc
 .text._Bfree   0x000000000800d490       0x44 c:/st/stm32cubeide_1.12.1/stm32cubeide/plugins/com.st.stm32cube.ide.mcu.externaltools.gnu-tools-for-stm32.10.3-2021.10.win32_1.0.200.202301161003/tools/bin/../lib/gcc/arm-none-eabi/10.3.1/../../../../arm-none-eabi/lib/thumb/v7e-m+fp/hard\libc_nano.a(lib_a-mprec.o)
                0x000000000800d490                _Bfree
 .text.__multadd
                0x000000000800d4d4       0x8c c:/st/stm32cubeide_1.12.1/stm32cubeide/plugins/com.st.stm32cube.ide.mcu.externaltools.gnu-tools-for-stm32.10.3-2021.10.win32_1.0.200.202301161003/tools/bin/../lib/gcc/arm-none-eabi/10.3.1/../../../../arm-none-eabi/lib/thumb/v7e-m+fp/hard\libc_nano.a(lib_a-mprec.o)
                0x000000000800d4d4                __multadd
 .text.__hi0bits
                0x000000000800d560       0x40 c:/st/stm32cubeide_1.12.1/stm32cubeide/plugins/com.st.stm32cube.ide.mcu.externaltools.gnu-tools-for-stm32.10.3-2021.10.win32_1.0.200.202301161003/tools/bin/../lib/gcc/arm-none-eabi/10.3.1/../../../../arm-none-eabi/lib/thumb/v7e-m+fp/hard\libc_nano.a(lib_a-mprec.o)
                0x000000000800d560                __hi0bits
 .text.__lo0bits
                0x000000000800d5a0       0x5e c:/st/stm32cubeide_1.12.1/stm32cubeide/plugins/com.st.stm32cube.ide.mcu.externaltools.gnu-tools-for-stm32.10.3-2021.10.win32_1.0.200.202301161003/tools/bin/../lib/gcc/arm-none-eabi/10.3.1/../../../../arm-none-eabi/lib/thumb/v7e-m+fp/hard\libc_nano.a(lib_a-mprec.o)
                0x000000000800d5a0                __lo0bits
 *fill*         0x000000000800d5fe        0x2 
 .text.__i2b    0x000000000800d600       0x2c c:/st/stm32cubeide_1.12.1/stm32cubeide/plugins/com.st.stm32cube.ide.mcu.externaltools.gnu-tools-for-stm32.10.3-2021.10.win32_1.0.200.202301161003/tools/bin/../lib/gcc/arm-none-eabi/10.3.1/../../../../arm-none-eabi/lib/thumb/v7e-m+fp/hard\libc_nano.a(lib_a-mprec.o)
                0x000000000800d600                __i2b
 .text.__multiply
                0x000000000800d62c      0x154 c:/st/stm32cubeide_1.12.1/stm32cubeide/plugins/com.st.stm32cube.ide.mcu.externaltools.gnu-tools-for-stm32.10.3-2021.10.win32_1.0.200.202301161003/tools/bin/../lib/gcc/arm-none-eabi/10.3.1/../../../../arm-none-eabi/lib/thumb/v7e-m+fp/hard\libc_nano.a(lib_a-mprec.o)
                0x000000000800d62c                __multiply
 .text.__pow5mult
                0x000000000800d780       0xb4 c:/st/stm32cubeide_1.12.1/stm32cubeide/plugins/com.st.stm32cube.ide.mcu.externaltools.gnu-tools-for-stm32.10.3-2021.10.win32_1.0.200.202301161003/tools/bin/../lib/gcc/arm-none-eabi/10.3.1/../../../../arm-none-eabi/lib/thumb/v7e-m+fp/hard\libc_nano.a(lib_a-mprec.o)
                0x000000000800d780                __pow5mult
 .text.__lshift
                0x000000000800d834       0xe0 c:/st/stm32cubeide_1.12.1/stm32cubeide/plugins/com.st.stm32cube.ide.mcu.externaltools.gnu-tools-for-stm32.10.3-2021.10.win32_1.0.200.202301161003/tools/bin/../lib/gcc/arm-none-eabi/10.3.1/../../../../arm-none-eabi/lib/thumb/v7e-m+fp/hard\libc_nano.a(lib_a-mprec.o)
                0x000000000800d834                __lshift
 .text.__mcmp   0x000000000800d914       0x38 c:/st/stm32cubeide_1.12.1/stm32cubeide/plugins/com.st.stm32cube.ide.mcu.externaltools.gnu-tools-for-stm32.10.3-2021.10.win32_1.0.200.202301161003/tools/bin/../lib/gcc/arm-none-eabi/10.3.1/../../../../arm-none-eabi/lib/thumb/v7e-m+fp/hard\libc_nano.a(lib_a-mprec.o)
                0x000000000800d914                __mcmp
 .text.__mdiff  0x000000000800d94c      0x114 c:/st/stm32cubeide_1.12.1/stm32cubeide/plugins/com.st.stm32cube.ide.mcu.externaltools.gnu-tools-for-stm32.10.3-2021.10.win32_1.0.200.202301161003/tools/bin/../lib/gcc/arm-none-eabi/10.3.1/../../../../arm-none-eabi/lib/thumb/v7e-m+fp/hard\libc_nano.a(lib_a-mprec.o)
                0x000000000800d94c                __mdiff
 .text.__d2b    0x000000000800da60       0xb8 c:/st/stm32cubeide_1.12.1/stm32cubeide/plugins/com.st.stm32cube.ide.mcu.externaltools.gnu-tools-for-stm32.10.3-2021.10.win32_1.0.200.202301161003/tools/bin/../lib/gcc/arm-none-eabi/10.3.1/../../../../arm-none-eabi/lib/thumb/v7e-m+fp/hard\libc_nano.a(lib_a-mprec.o)
                0x000000000800da60                __d2b
 .text._mprec_log10
                0x000000000800db18       0x3c c:/st/stm32cubeide_1.12.1/stm32cubeide/plugins/com.st.stm32cube.ide.mcu.externaltools.gnu-tools-for-stm32.10.3-2021.10.win32_1.0.200.202301161003/tools/bin/../lib/gcc/arm-none-eabi/10.3.1/../../../../arm-none-eabi/lib/thumb/v7e-m+fp/hard\libc_nano.a(lib_a-mprec.o)
                0x000000000800db18                _mprec_log10
 .text._calloc_r
                0x000000000800db54       0x2c c:/st/stm32cubeide_1.12.1/stm32cubeide/plugins/com.st.stm32cube.ide.mcu.externaltools.gnu-tools-for-stm32.10.3-2021.10.win32_1.0.200.202301161003/tools/bin/../lib/gcc/arm-none-eabi/10.3.1/../../../../arm-none-eabi/lib/thumb/v7e-m+fp/hard\libc_nano.a(lib_a-nano-callocr.o)
                0x000000000800db54                _calloc_r
 .text._free_r  0x000000000800db80       0x98 c:/st/stm32cubeide_1.12.1/stm32cubeide/plugins/com.st.stm32cube.ide.mcu.externaltools.gnu-tools-for-stm32.10.3-2021.10.win32_1.0.200.202301161003/tools/bin/../lib/gcc/arm-none-eabi/10.3.1/../../../../arm-none-eabi/lib/thumb/v7e-m+fp/hard\libc_nano.a(lib_a-nano-freer.o)
                0x000000000800db80                _free_r
 .text.sbrk_aligned
                0x000000000800dc18       0x40 c:/st/stm32cubeide_1.12.1/stm32cubeide/plugins/com.st.stm32cube.ide.mcu.externaltools.gnu-tools-for-stm32.10.3-2021.10.win32_1.0.200.202301161003/tools/bin/../lib/gcc/arm-none-eabi/10.3.1/../../../../arm-none-eabi/lib/thumb/v7e-m+fp/hard\libc_nano.a(lib_a-nano-mallocr.o)
 .text._malloc_r
                0x000000000800dc58       0xe8 c:/st/stm32cubeide_1.12.1/stm32cubeide/plugins/com.st.stm32cube.ide.mcu.externaltools.gnu-tools-for-stm32.10.3-2021.10.win32_1.0.200.202301161003/tools/bin/../lib/gcc/arm-none-eabi/10.3.1/../../../../arm-none-eabi/lib/thumb/v7e-m+fp/hard\libc_nano.a(lib_a-nano-mallocr.o)
                0x000000000800dc58                _malloc_r
 .text._sbrk_r  0x000000000800dd40       0x20 c:/st/stm32cubeide_1.12.1/stm32cubeide/plugins/com.st.stm32cube.ide.mcu.externaltools.gnu-tools-for-stm32.10.3-2021.10.win32_1.0.200.202301161003/tools/bin/../lib/gcc/arm-none-eabi/10.3.1/../../../../arm-none-eabi/lib/thumb/v7e-m+fp/hard\libc_nano.a(lib_a-sbrkr.o)
                0x000000000800dd40                _sbrk_r
 .text._raise_r
                0x000000000800dd60       0x50 c:/st/stm32cubeide_1.12.1/stm32cubeide/plugins/com.st.stm32cube.ide.mcu.externaltools.gnu-tools-for-stm32.10.3-2021.10.win32_1.0.200.202301161003/tools/bin/../lib/gcc/arm-none-eabi/10.3.1/../../../../arm-none-eabi/lib/thumb/v7e-m+fp/hard\libc_nano.a(lib_a-signal.o)
                0x000000000800dd60                _raise_r
 .text.raise    0x000000000800ddb0       0x10 c:/st/stm32cubeide_1.12.1/stm32cubeide/plugins/com.st.stm32cube.ide.mcu.externaltools.gnu-tools-for-stm32.10.3-2021.10.win32_1.0.200.202301161003/tools/bin/../lib/gcc/arm-none-eabi/10.3.1/../../../../arm-none-eabi/lib/thumb/v7e-m+fp/hard\libc_nano.a(lib_a-signal.o)
                0x000000000800ddb0                raise
 .text._kill_r  0x000000000800ddc0       0x24 c:/st/stm32cubeide_1.12.1/stm32cubeide/plugins/com.st.stm32cube.ide.mcu.externaltools.gnu-tools-for-stm32.10.3-2021.10.win32_1.0.200.202301161003/tools/bin/../lib/gcc/arm-none-eabi/10.3.1/../../../../arm-none-eabi/lib/thumb/v7e-m+fp/hard\libc_nano.a(lib_a-signalr.o)
                0x000000000800ddc0                _kill_r
 .text._getpid_r
                0x000000000800dde4        0x4 c:/st/stm32cubeide_1.12.1/stm32cubeide/plugins/com.st.stm32cube.ide.mcu.externaltools.gnu-tools-for-stm32.10.3-2021.10.win32_1.0.200.202301161003/tools/bin/../lib/gcc/arm-none-eabi/10.3.1/../../../../arm-none-eabi/lib/thumb/v7e-m+fp/hard\libc_nano.a(lib_a-signalr.o)
                0x000000000800dde4                _getpid_r
 .text.__sread  0x000000000800dde8       0x22 c:/st/stm32cubeide_1.12.1/stm32cubeide/plugins/com.st.stm32cube.ide.mcu.externaltools.gnu-tools-for-stm32.10.3-2021.10.win32_1.0.200.202301161003/tools/bin/../lib/gcc/arm-none-eabi/10.3.1/../../../../arm-none-eabi/lib/thumb/v7e-m+fp/hard\libc_nano.a(lib_a-stdio.o)
                0x000000000800dde8                __sread
 .text.__swrite
                0x000000000800de0a       0x38 c:/st/stm32cubeide_1.12.1/stm32cubeide/plugins/com.st.stm32cube.ide.mcu.externaltools.gnu-tools-for-stm32.10.3-2021.10.win32_1.0.200.202301161003/tools/bin/../lib/gcc/arm-none-eabi/10.3.1/../../../../arm-none-eabi/lib/thumb/v7e-m+fp/hard\libc_nano.a(lib_a-stdio.o)
                0x000000000800de0a                __swrite
 .text.__sseek  0x000000000800de42       0x24 c:/st/stm32cubeide_1.12.1/stm32cubeide/plugins/com.st.stm32cube.ide.mcu.externaltools.gnu-tools-for-stm32.10.3-2021.10.win32_1.0.200.202301161003/tools/bin/../lib/gcc/arm-none-eabi/10.3.1/../../../../arm-none-eabi/lib/thumb/v7e-m+fp/hard\libc_nano.a(lib_a-stdio.o)
                0x000000000800de42                __sseek
 .text.__sclose
                0x000000000800de66        0x8 c:/st/stm32cubeide_1.12.1/stm32cubeide/plugins/com.st.stm32cube.ide.mcu.externaltools.gnu-tools-for-stm32.10.3-2021.10.win32_1.0.200.202301161003/tools/bin/../lib/gcc/arm-none-eabi/10.3.1/../../../../arm-none-eabi/lib/thumb/v7e-m+fp/hard\libc_nano.a(lib_a-stdio.o)
                0x000000000800de66                __sclose
 .text.strcpy   0x000000000800de6e       0x10 c:/st/stm32cubeide_1.12.1/stm32cubeide/plugins/com.st.stm32cube.ide.mcu.externaltools.gnu-tools-for-stm32.10.3-2021.10.win32_1.0.200.202301161003/tools/bin/../lib/gcc/arm-none-eabi/10.3.1/../../../../arm-none-eabi/lib/thumb/v7e-m+fp/hard\libc_nano.a(lib_a-strcpy.o)
                0x000000000800de6e                strcpy
 *fill*         0x000000000800de7e        0x2 
 .text._write_r
                0x000000000800de80       0x24 c:/st/stm32cubeide_1.12.1/stm32cubeide/plugins/com.st.stm32cube.ide.mcu.externaltools.gnu-tools-for-stm32.10.3-2021.10.win32_1.0.200.202301161003/tools/bin/../lib/gcc/arm-none-eabi/10.3.1/../../../../arm-none-eabi/lib/thumb/v7e-m+fp/hard\libc_nano.a(lib_a-writer.o)
                0x000000000800de80                _write_r
 .text._close_r
                0x000000000800dea4       0x20 c:/st/stm32cubeide_1.12.1/stm32cubeide/plugins/com.st.stm32cube.ide.mcu.externaltools.gnu-tools-for-stm32.10.3-2021.10.win32_1.0.200.202301161003/tools/bin/../lib/gcc/arm-none-eabi/10.3.1/../../../../arm-none-eabi/lib/thumb/v7e-m+fp/hard\libc_nano.a(lib_a-closer.o)
                0x000000000800dea4                _close_r
 .text.quorem   0x000000000800dec4      0x116 c:/st/stm32cubeide_1.12.1/stm32cubeide/plugins/com.st.stm32cube.ide.mcu.externaltools.gnu-tools-for-stm32.10.3-2021.10.win32_1.0.200.202301161003/tools/bin/../lib/gcc/arm-none-eabi/10.3.1/../../../../arm-none-eabi/lib/thumb/v7e-m+fp/hard\libc_nano.a(lib_a-dtoa.o)
 *fill*         0x000000000800dfda        0x6 
 .text._dtoa_r  0x000000000800dfe0      0xbdc c:/st/stm32cubeide_1.12.1/stm32cubeide/plugins/com.st.stm32cube.ide.mcu.externaltools.gnu-tools-for-stm32.10.3-2021.10.win32_1.0.200.202301161003/tools/bin/../lib/gcc/arm-none-eabi/10.3.1/../../../../arm-none-eabi/lib/thumb/v7e-m+fp/hard\libc_nano.a(lib_a-dtoa.o)
                0x000000000800dfe0                _dtoa_r
 .text._fstat_r
                0x000000000800ebbc       0x24 c:/st/stm32cubeide_1.12.1/stm32cubeide/plugins/com.st.stm32cube.ide.mcu.externaltools.gnu-tools-for-stm32.10.3-2021.10.win32_1.0.200.202301161003/tools/bin/../lib/gcc/arm-none-eabi/10.3.1/../../../../arm-none-eabi/lib/thumb/v7e-m+fp/hard\libc_nano.a(lib_a-fstatr.o)
                0x000000000800ebbc                _fstat_r
 .text._isatty_r
                0x000000000800ebe0       0x20 c:/st/stm32cubeide_1.12.1/stm32cubeide/plugins/com.st.stm32cube.ide.mcu.externaltools.gnu-tools-for-stm32.10.3-2021.10.win32_1.0.200.202301161003/tools/bin/../lib/gcc/arm-none-eabi/10.3.1/../../../../arm-none-eabi/lib/thumb/v7e-m+fp/hard\libc_nano.a(lib_a-isattyr.o)
                0x000000000800ebe0                _isatty_r
 .text._lseek_r
                0x000000000800ec00       0x24 c:/st/stm32cubeide_1.12.1/stm32cubeide/plugins/com.st.stm32cube.ide.mcu.externaltools.gnu-tools-for-stm32.10.3-2021.10.win32_1.0.200.202301161003/tools/bin/../lib/gcc/arm-none-eabi/10.3.1/../../../../arm-none-eabi/lib/thumb/v7e-m+fp/hard\libc_nano.a(lib_a-lseekr.o)
                0x000000000800ec00                _lseek_r
 .text.malloc   0x000000000800ec24       0x10 c:/st/stm32cubeide_1.12.1/stm32cubeide/plugins/com.st.stm32cube.ide.mcu.externaltools.gnu-tools-for-stm32.10.3-2021.10.win32_1.0.200.202301161003/tools/bin/../lib/gcc/arm-none-eabi/10.3.1/../../../../arm-none-eabi/lib/thumb/v7e-m+fp/hard\libc_nano.a(lib_a-malloc.o)
                0x000000000800ec24                malloc
 .text.__malloc_lock
                0x000000000800ec34        0xc c:/st/stm32cubeide_1.12.1/stm32cubeide/plugins/com.st.stm32cube.ide.mcu.externaltools.gnu-tools-for-stm32.10.3-2021.10.win32_1.0.200.202301161003/tools/bin/../lib/gcc/arm-none-eabi/10.3.1/../../../../arm-none-eabi/lib/thumb/v7e-m+fp/hard\libc_nano.a(lib_a-mlock.o)
                0x000000000800ec34                __malloc_lock
 .text.__malloc_unlock