../Core/Src/main.c:103:5:main	16	static
../Core/Src/main.c:224:6:SystemClock_Config	88	static
../Core/Src/main.c:270:13:MX_ADC1_Init	24	static
../Core/Src/main.c:322:13:MX_DAC_Init	16	static
../Core/Src/main.c:362:13:MX_I2C2_Init	8	static
../Core/Src/main.c:396:13:MX_SPI1_Init	8	static
../Core/Src/main.c:434:13:MX_SPI3_Init	8	static
../Core/Src/main.c:472:13:MX_USART1_UART_Init	8	static
../Core/Src/main.c:505:13:MX_GPIO_Init	56	static
../Core/Src/main.c:627:6:sensors_init	8	static
../Core/Src/main.c:652:6:Error_Handler	4	static,ignoring_inline_asm
